Component: ARM Compiler 5.06 update 6 (build 750) Tool: armlink [4d35ed]

==============================================================================

Section Cross References

    main.o(i.Thread1) refers to main.o(.data) for count1
    main.o(i.Thread2) refers to main.o(.data) for count2
    main.o(i.Thread3) refers to main.o(.data) for count3
    main.o(i.main) refers to rt_cmsis.o(i.osThreadCreate) for osThreadCreate
    main.o(i.main) refers to main.o(.constdata) for os_thread_def_Thread1
    main.o(.constdata) refers to main.o(i.Thread1) for Thread1
    main.o(.constdata) refers to main.o(i.Thread2) for Thread2
    main.o(.constdata) refers to main.o(i.Thread3) for Thread3
    rtx_conf_cm.o(.emb_text) refers to rt_cmsis.o(i.osKernelInitialize) for osKernelInitialize
    rtx_conf_cm.o(.emb_text) refers to rt_cmsis.o(i.osThreadCreate) for osThreadCreate
    rtx_conf_cm.o(.emb_text) refers to rt_cmsis.o(i.osKernelStart) for osKernelStart
    rtx_conf_cm.o(.emb_text) refers to exit.o(.text) for exit
    rtx_conf_cm.o(.emb_text) refers to rtx_conf_cm.o(.constdata) for os_thread_def_main
    rtx_conf_cm.o(i.__user_perthread_libspace) refers to rt_task.o(i.rt_tsk_self) for rt_tsk_self
    rtx_conf_cm.o(i.__user_perthread_libspace) refers to rt_cmsis.o(.data) for os_running
    rtx_conf_cm.o(i.__user_perthread_libspace) refers to rtx_conf_cm.o(.bss) for .bss
    rtx_conf_cm.o(i.__user_perthread_libspace) refers to libspace.o(.bss) for __libspace_start
    rtx_conf_cm.o(i._mutex_acquire) refers to rt_cmsis.o(.data) for os_running
    rtx_conf_cm.o(i._mutex_acquire) refers to rt_mutex.o(i.rt_mut_wait) for rt_mut_wait
    rtx_conf_cm.o(i._mutex_initialize) refers to rt_mutex.o(i.rt_mut_init) for rt_mut_init
    rtx_conf_cm.o(i._mutex_initialize) refers to rtx_conf_cm.o(.data) for .data
    rtx_conf_cm.o(i._mutex_initialize) refers to rtx_conf_cm.o(.bss) for .bss
    rtx_conf_cm.o(i._mutex_release) refers to rt_cmsis.o(.data) for os_running
    rtx_conf_cm.o(i._mutex_release) refers to rt_mutex.o(i.rt_mut_release) for rt_mut_release
    rtx_conf_cm.o(.constdata) refers to rt_cmsis.o(i.osTimerThread) for osTimerThread
    rtx_conf_cm.o(.constdata) refers to rtx_conf_cm.o(.bss) for os_messageQ_q_osTimerMessageQ
    rtx_conf_cm.o(.constdata) refers to main.o(i.main) for main
    startup_stm32f411xe.o(STACK) refers (Special) to heapauxi.o(.text) for __use_two_region_memory
    startup_stm32f411xe.o(HEAP) refers (Special) to heapauxi.o(.text) for __use_two_region_memory
    startup_stm32f411xe.o(RESET) refers (Special) to heapauxi.o(.text) for __use_two_region_memory
    startup_stm32f411xe.o(RESET) refers to startup_stm32f411xe.o(STACK) for __initial_sp
    startup_stm32f411xe.o(RESET) refers to startup_stm32f411xe.o(.text) for Reset_Handler
    startup_stm32f411xe.o(RESET) refers to hal_cm4.o(.emb_text) for SVC_Handler
    startup_stm32f411xe.o(.text) refers (Special) to heapauxi.o(.text) for __use_two_region_memory
    startup_stm32f411xe.o(.text) refers to system_stm32f4xx.o(i.SystemInit) for SystemInit
    startup_stm32f411xe.o(.text) refers to __main.o(!!!main) for __main
    startup_stm32f411xe.o(.text) refers to startup_stm32f411xe.o(HEAP) for Heap_Mem
    startup_stm32f411xe.o(.text) refers to startup_stm32f411xe.o(STACK) for Stack_Mem
    system_stm32f4xx.o(i.SystemCoreClockUpdate) refers to system_stm32f4xx.o(.data) for SystemCoreClock
    system_stm32f4xx.o(i.SystemCoreClockUpdate) refers to system_stm32f4xx.o(.constdata) for AHBPrescTable
    rt_cmsis.o(i.isrMessageGet) refers to rt_mailbox.o(i.isr_mbx_receive) for isr_mbx_receive
    rt_cmsis.o(i.isrMessagePut) refers to rt_mailbox.o(i.rt_mbx_check) for rt_mbx_check
    rt_cmsis.o(i.isrMessagePut) refers to rt_mailbox.o(i.isr_mbx_send) for isr_mbx_send
    rt_cmsis.o(i.isrSemaphoreRelease) refers to rt_cmsis.o(i.rt_id2obj) for rt_id2obj
    rt_cmsis.o(i.isrSemaphoreRelease) refers to rt_semaphore.o(i.isr_sem_send) for isr_sem_send
    rt_cmsis.o(i.isrSignalSet) refers to rt_cmsis.o(i.rt_tid2ptcb) for rt_tid2ptcb
    rt_cmsis.o(i.isrSignalSet) refers to rt_event.o(i.isr_evt_set) for isr_evt_set
    rt_cmsis.o(i.osDelay) refers to rt_cmsis.o(i.svcDelay) for svcDelay
    rt_cmsis.o(i.osKernelInitialize) refers to rt_cmsis.o(i.svcKernelInitialize) for svcKernelInitialize
    rt_cmsis.o(i.osKernelRunning) refers to rt_cmsis.o(i.svcKernelRunning) for svcKernelRunning
    rt_cmsis.o(i.osKernelRunning) refers to rt_cmsis.o(.data) for .data
    rt_cmsis.o(i.osKernelStart) refers to rtx_conf_cm.o(.constdata) for os_flags
    rt_cmsis.o(i.osKernelStart) refers to rt_cmsis.o(i.svcKernelStart) for svcKernelStart
    rt_cmsis.o(i.osKernelSysTick) refers to rt_cmsis.o(i.svcKernelSysTick) for svcKernelSysTick
    rt_cmsis.o(i.osMailAlloc) refers to rt_cmsis.o(i.sysMailAlloc) for sysMailAlloc
    rt_cmsis.o(i.osMailCAlloc) refers to rt_cmsis.o(i.sysMailAlloc) for sysMailAlloc
    rt_cmsis.o(i.osMailCAlloc) refers to rt_cmsis.o(i.rt_clr_box) for rt_clr_box
[...]
    libinit.o(.ARM.Collect$$libinit$$00000000) refers (Special) to libinit2.o(.ARM.Collect$$libinit$$00000023) for __rt_lib_init_getenv_1
    libinit.o(.ARM.Collect$$libinit$$00000000) refers (Special) to libinit2.o(.ARM.Collect$$libinit$$0000000A) for __rt_lib_init_heap_1
    libinit.o(.ARM.Collect$$libinit$$00000000) refers (Special) to libinit2.o(.ARM.Collect$$libinit$$00000011) for __rt_lib_init_lc_collate_1
    libinit.o(.ARM.Collect$$libinit$$00000000) refers (Special) to libinit2.o(.ARM.Collect$$libinit$$00000013) for __rt_lib_init_lc_ctype_1
    libinit.o(.ARM.Collect$$libinit$$00000000) refers (Special) to libinit2.o(.ARM.Collect$$libinit$$00000015) for __rt_lib_init_lc_monetary_1
    libinit.o(.ARM.Collect$$libinit$$00000000) refers (Special) to libinit2.o(.ARM.Collect$$libinit$$00000017) for __rt_lib_init_lc_numeric_1
    libinit.o(.ARM.Collect$$libinit$$00000000) refers (Special) to libinit2.o(.ARM.Collect$$libinit$$00000019) for __rt_lib_init_lc_time_1
    libinit.o(.ARM.Collect$$libinit$$00000000) refers (Special) to libinit2.o(.ARM.Collect$$libinit$$00000004) for __rt_lib_init_preinit_1
    libinit.o(.ARM.Collect$$libinit$$00000000) refers (Special) to libinit2.o(.ARM.Collect$$libinit$$0000000E) for __rt_lib_init_rand_1
    libinit.o(.ARM.Collect$$libinit$$00000000) refers (Special) to libinit2.o(.ARM.Collect$$libinit$$00000033) for __rt_lib_init_return
    libinit.o(.ARM.Collect$$libinit$$00000000) refers (Special) to libinit2.o(.ARM.Collect$$libinit$$0000001D) for __rt_lib_init_signal_1
    libinit.o(.ARM.Collect$$libinit$$00000000) refers (Special) to libinit2.o(.ARM.Collect$$libinit$$00000025) for __rt_lib_init_stdio_1
    libinit.o(.ARM.Collect$$libinit$$00000000) refers (Special) to libinit2.o(.ARM.Collect$$libinit$$0000000C) for __rt_lib_init_user_alloc_1
    libshutdown.o(.ARM.Collect$$libshutdown$$00000000) refers (Special) to libshutdown2.o(.ARM.Collect$$libshutdown$$00000002) for __rt_lib_shutdown_cpp_1
    libshutdown.o(.ARM.Collect$$libshutdown$$00000000) refers (Special) to libshutdown2.o(.ARM.Collect$$libshutdown$$00000007) for __rt_lib_shutdown_fp_trap_1
    libshutdown.o(.ARM.Collect$$libshutdown$$00000000) refers (Special) to libshutdown2.o(.ARM.Collect$$libshutdown$$0000000F) for __rt_lib_shutdown_heap_1
    libshutdown.o(.ARM.Collect$$libshutdown$$00000000) refers (Special) to libshutdown2.o(.ARM.Collect$$libshutdown$$00000010) for __rt_lib_shutdown_return
    libshutdown.o(.ARM.Collect$$libshutdown$$00000000) refers (Special) to libshutdown2.o(.ARM.Collect$$libshutdown$$0000000A) for __rt_lib_shutdown_signal_1
    libshutdown.o(.ARM.Collect$$libshutdown$$00000000) refers (Special) to libshutdown2.o(.ARM.Collect$$libshutdown$$00000004) for __rt_lib_shutdown_stdio_1
    libshutdown.o(.ARM.Collect$$libshutdown$$00000000) refers (Special) to libshutdown2.o(.ARM.Collect$$libshutdown$$0000000C) for __rt_lib_shutdown_user_alloc_1
    rt_raise.o(.text) refers to __raise.o(.text) for __raise
    rt_raise.o(.text) refers to sys_exit.o(.text) for _sys_exit
    defsig_exit.o(.text) refers to sys_exit.o(.text) for _sys_exit
    defsig_fpe_inner.o(.text) refers to defsig_general.o(.text) for __default_signal_display
    libinit2.o(.ARM.Collect$$libinit$$00000001) refers to fpinit.o(x$fpl$fpinit) for _fp_init
    libinit2.o(.ARM.Collect$$libinit$$00000010) refers to libinit2.o(.ARM.Collect$$libinit$$0000000F) for .ARM.Collect$$libinit$$0000000F
    libinit2.o(.ARM.Collect$$libinit$$00000012) refers to libinit2.o(.ARM.Collect$$libinit$$0000000F) for .ARM.Collect$$libinit$$0000000F
    libinit2.o(.ARM.Collect$$libinit$$00000014) refers to libinit2.o(.ARM.Collect$$libinit$$0000000F) for .ARM.Collect$$libinit$$0000000F
    libinit2.o(.ARM.Collect$$libinit$$00000016) refers to libinit2.o(.ARM.Collect$$libinit$$0000000F) for .ARM.Collect$$libinit$$0000000F
    libinit2.o(.ARM.Collect$$libinit$$00000018) refers to libinit2.o(.ARM.Collect$$libinit$$0000000F) for .ARM.Collect$$libinit$$0000000F
    libinit2.o(.ARM.Collect$$libinit$$00000026) refers to argv_veneer.o(.emb_text) for __ARM_argv_veneer
    libinit2.o(.ARM.Collect$$libinit$$00000027) refers to argv_veneer.o(.emb_text) for __ARM_argv_veneer
    __raise.o(.text) refers to defsig.o(CL$$defsig) for __default_signal_handler
    defsig_general.o(.text) refers to sys_wrch.o(.text) for _ttywrch
    argv_veneer.o(.emb_text) refers to no_argv.o(.text) for __ARM_get_argv
    sys_wrch.o(.text) refers (Special) to use_no_semi.o(.text) for __I$use$semihosting
    sys_wrch.o(.text) refers (Special) to indicate_semi.o(.text) for __semihosting_library_function
    defsig.o(CL$$defsig) refers to defsig_fpe_inner.o(.text) for __rt_SIGFPE_inner
    defsig.o(CL$$defsig) refers to defsig_rtmem_inner.o(.text) for __rt_SIGRTMEM_inner
    _get_argv_nomalloc.o(.text) refers (Special) to hrguard.o(.text) for __heap_region$guard
    _get_argv_nomalloc.o(.text) refers to defsig_rtmem_outer.o(.text) for __rt_SIGRTMEM
    _get_argv_nomalloc.o(.text) refers to sys_command.o(.text) for _sys_command_string
    sys_command.o(.text) refers (Special) to use_no_semi.o(.text) for __I$use$semihosting
    sys_command.o(.text) refers (Special) to indicate_semi.o(.text) for __semihosting_library_function
    defsig_abrt_inner.o(.text) refers to defsig_general.o(.text) for __default_signal_display
    defsig_rtred_inner.o(.text) refers to defsig_general.o(.text) for __default_signal_display
    defsig_rtmem_inner.o(.text) refers to defsig_general.o(.text) for __default_signal_display
    defsig_rtmem_outer.o(.text) refers to defsig_rtmem_inner.o(.text) for __rt_SIGRTMEM_inner
    defsig_rtmem_outer.o(.text) refers to defsig_exit.o(.text) for __sig_exit
    defsig_rtmem_formal.o(.text) refers to rt_raise.o(.text) for __rt_raise
    defsig_stak_inner.o(.text) refers to defsig_general.o(.text) for __default_signal_display
    defsig_pvfn_inner.o(.text) refers to defsig_general.o(.text) for __default_signal_display
    defsig_cppl_inner.o(.text) refers to defsig_general.o(.text) for __default_signal_display
    defsig_segv_inner.o(.text) refers to defsig_general.o(.text) for __default_signal_display
    defsig_other.o(.text) refers to defsig_general.o(.text) for __default_signal_display


==============================================================================

Removing Unused input sections from the image.

    Removing main.o(.rev16_text), (4 bytes).
    Removing main.o(.revsh_text), (4 bytes).
    Removing main.o(.rrx_text), (6 bytes).
    Removing rtx_conf_cm.o(i.__user_perthread_libspace), (44 bytes).
    Removing rtx_conf_cm.o(i._mutex_initialize), (44 bytes).
    Removing system_stm32f4xx.o(.rev16_text), (4 bytes).
    Removing system_stm32f4xx.o(.revsh_text), (4 bytes).
    Removing system_stm32f4xx.o(.rrx_text), (6 bytes).
    Removing system_stm32f4xx.o(i.SystemCoreClockUpdate), (192 bytes).
    Removing system_stm32f4xx.o(.constdata), (24 bytes).
    Removing system_stm32f4xx.o(.data), (4 bytes).
    Removing rt_cmsis.o(.rev16_text), (4 bytes).
    Removing rt_cmsis.o(.revsh_text), (4 bytes).
    Removing rt_cmsis.o(.rrx_text), (6 bytes).
    Removing rt_cmsis.o(i.isrSemaphoreRelease), (40 bytes).
    Removing rt_cmsis.o(i.isrSignalSet), (36 bytes).
    Removing rt_cmsis.o(i.osDelay), (24 bytes).
    Removing rt_cmsis.o(i.osKernelRunning), (36 bytes).
    Removing rt_cmsis.o(i.osKernelSysTick), (24 bytes).
    Removing rt_cmsis.o(i.osMailAlloc), (28 bytes).
    Removing rt_cmsis.o(i.osMailCAlloc), (48 bytes).
    Removing rt_cmsis.o(i.osMailCreate), (44 bytes).
    Removing rt_cmsis.o(i.osMailFree), (28 bytes).
    Removing rt_cmsis.o(i.osMailGet), (22 bytes).
    Removing rt_cmsis.o(i.osMailPut), (20 bytes).
    Removing rt_cmsis.o(i.osMessageCreate), (44 bytes).
    Removing rt_cmsis.o(i.osMessagePut), (24 bytes).
    Removing rt_cmsis.o(i.osMutexCreate), (44 bytes).
    Removing rt_cmsis.o(i.osMutexDelete), (24 bytes).
    Removing rt_cmsis.o(i.osMutexRelease), (24 bytes).
    Removing rt_cmsis.o(i.osMutexWait), (24 bytes).
    Removing rt_cmsis.o(i.osPoolAlloc), (32 bytes).
    Removing rt_cmsis.o(i.osPoolCAlloc), (52 bytes).
    Removing rt_cmsis.o(i.osPoolCreate), (44 bytes).
    Removing rt_cmsis.o(i.osPoolFree), (32 bytes).
    Removing rt_cmsis.o(i.osSemaphoreCreate), (44 bytes).
    Removing rt_cmsis.o(i.osSemaphoreDelete), (24 bytes).
    Removing rt_cmsis.o(i.osSemaphoreRelease), (24 bytes).
    Removing rt_cmsis.o(i.osSemaphoreWait), (24 bytes).
    Removing rt_cmsis.o(i.osSignalClear), (24 bytes).
    Removing rt_cmsis.o(i.osSignalSet), (24 bytes).
    Removing rt_cmsis.o(i.osSignalWait), (24 bytes).
    Removing rt_cmsis.o(i.osThreadGetId), (24 bytes).
    Removing rt_cmsis.o(i.osThreadGetPriority), (24 bytes).
    Removing rt_cmsis.o(i.osThreadSetPriority), (24 bytes).
    Removing rt_cmsis.o(i.osThreadTerminate), (24 bytes).
    Removing rt_cmsis.o(i.osThreadYield), (24 bytes).
    Removing rt_cmsis.o(i.osTimerCreate), (44 bytes).
    Removing rt_cmsis.o(i.osTimerDelete), (24 bytes).
    Removing rt_cmsis.o(i.osTimerStart), (24 bytes).
    Removing rt_cmsis.o(i.osTimerStop), (24 bytes).
    Removing rt_cmsis.o(i.osWait), (4 bytes).
    Removing rt_cmsis.o(i.os_resume), (12 bytes).
    Removing rt_cmsis.o(i.os_suspend), (12 bytes).
    Removing rt_cmsis.o(i.rt_clr_box), (24 bytes).
    Removing rt_cmsis.o(i.rt_timer_remove), (60 bytes).
    Removing rt_cmsis.o(i.svcDelay), (18 bytes).
    Removing rt_cmsis.o(i.svcKernelRunning), (12 bytes).
    Removing rt_cmsis.o(i.svcKernelSysTick), (56 bytes).
    Removing rt_cmsis.o(i.svcMailCreate), (66 bytes).
    Removing rt_cmsis.o(i.svcMessagePut), (54 bytes).
    Removing rt_cmsis.o(i.svcMutexCreate), (28 bytes).
    Removing rt_cmsis.o(i.svcMutexDelete), (26 bytes).
    Removing rt_cmsis.o(i.svcMutexRelease), (34 bytes).
    Removing rt_cmsis.o(i.svcMutexWait), (58 bytes).
    Removing rt_cmsis.o(i.svcPoolCreate), (40 bytes).
    Removing rt_cmsis.o(i.svcSemaphoreCreate), (36 bytes).
    Removing rt_cmsis.o(i.svcSemaphoreDelete), (26 bytes).
    Removing rt_cmsis.o(i.svcSemaphoreRelease), (40 bytes).
    Removing rt_cmsis.o(i.svcSemaphoreWait), (50 bytes).
    Removing rt_cmsis.o(i.svcSignalClear), (36 bytes).
    Removing rt_cmsis.o(i.svcSignalSet), (36 bytes).
    Removing rt_cmsis.o(i.svcSignalWait), (84 bytes).
    Removing rt_cmsis.o(i.svcThreadGetPriority), (18 bytes).
    Removing rt_cmsis.o(i.svcThreadSetPriority), (46 bytes).
    Removing rt_cmsis.o(i.svcThreadYield), (10 bytes).
    Removing rt_cmsis.o(i.svcTimerCreate), (56 bytes).
    Removing rt_cmsis.o(i.svcTimerDelete), (40 bytes).
    Removing rt_cmsis.o(i.svcTimerStart), (100 bytes).
    Removing rt_cmsis.o(i.svcTimerStop), (36 bytes).
    Removing rt_cmsis.o(i.sysMailAlloc), (88 bytes).
    Removing rt_cmsis.o(i.sysMailFree), (96 bytes).
    Removing rt_cmsis.o(i.sysPoolAlloc), (10 bytes).
    Removing rt_cmsis.o(i.sysPoolFree), (20 bytes).
    Removing rt_cmsis.o(i.sysUserTimerUpdate), (48 bytes).
    Removing rt_cmsis.o(i.sysUserTimerWakeupTime), (20 bytes).
    Removing rt_task.o(i.rt_tsk_pass), (48 bytes).
    Removing rt_mutex.o(i.rt_mut_delete), (176 bytes).
    Removing rt_mutex.o(i.rt_mut_init), (16 bytes).
    Removing rt_system.o(.emb_text), (0 bytes).
    Removing rt_system.o(i.os_tick_ovf), (16 bytes).
    Removing rt_system.o(i.os_tick_val), (20 bytes).
    Removing rt_system.o(i.rt_resume), (136 bytes).
    Removing rt_system.o(i.rt_suspend), (36 bytes).
    Removing rt_system.o(i.rt_tsk_lock), (80 bytes).
    Removing rt_system.o(i.rt_tsk_unlock), (80 bytes).
    Removing rt_event.o(i.isr_evt_set), (40 bytes).
    Removing rt_event.o(i.rt_evt_clr), (28 bytes).
    Removing rt_event.o(i.rt_evt_get), (12 bytes).
    Removing rt_event.o(i.rt_evt_set), (92 bytes).
    Removing rt_event.o(i.rt_evt_wait), (60 bytes).
    Removing rt_list.o(i.rt_get_same_rdy_prio), (36 bytes).
    Removing rt_mailbox.o(i.rt_mbx_send), (152 bytes).
    Removing rt_semaphore.o(i.isr_sem_send), (16 bytes).
    Removing rt_semaphore.o(i.rt_sem_delete), (92 bytes).
    Removing rt_semaphore.o(i.rt_sem_init), (12 bytes).
    Removing rt_semaphore.o(i.rt_sem_send), (42 bytes).
    Removing rt_semaphore.o(i.rt_sem_wait), (64 bytes).
    Removing rt_time.o(i.rt_dly_wait), (6 bytes).
    Removing rt_time.o(i.rt_itv_set), (24 bytes).
    Removing rt_time.o(i.rt_itv_wait), (40 bytes).
    Removing rt_time.o(i.rt_time_get), (12 bytes).
    Removing rt_membox.o(i._calloc_box), (30 bytes).

113 unused section(s) (total 4234 bytes) removed from the image.

==============================================================================

Image Symbol Table

    Local Symbols

    Symbol Name                              Value     Ov Type        Size  Object(Section)

    ../clib/angel/boardlib.s                 0x00000000   Number         0  boardinit1.o ABSOLUTE
    ../clib/angel/boardlib.s                 0x00000000   Number         0  boardinit2.o ABSOLUTE
    ../clib/angel/boardlib.s                 0x00000000   Number         0  boardshut.o ABSOLUTE
    ../clib/angel/handlers.s                 0x00000000   Number         0  __scatter_zi.o ABSOLUTE
    ../clib/angel/handlers.s                 0x00000000   Number         0  __scatter_copy.o ABSOLUTE
    ../clib/angel/kernel.s                   0x00000000   Number         0  rtexit.o ABSOLUTE
    ../clib/angel/kernel.s                   0x00000000   Number         0  __rtentry.o ABSOLUTE
    ../clib/angel/kernel.s                   0x00000000   Number         0  __rtentry2.o ABSOLUTE
    ../clib/angel/kernel.s                   0x00000000   Number         0  __rtentry4.o ABSOLUTE
    ../clib/angel/kernel.s                   0x00000000   Number         0  rtexit2.o ABSOLUTE
    ../clib/angel/rt.s                       0x00000000   Number         0  rt_div0.o ABSOLUTE
    ../clib/angel/rt.s                       0x00000000   Number         0  aeabi_ldiv0.o ABSOLUTE
    ../clib/angel/rt.s                       0x00000000   Number         0  rt_raise.o ABSOLUTE
    ../clib/angel/rt.s                       0x00000000   Number         0  aeabi_ldiv0_sigfpe.o ABSOLUTE
    ../clib/angel/scatter.s                  0x00000000   Number         0  __scatter.o ABSOLUTE
    ../clib/angel/startup.s                  0x00000000   Number         0  __main.o ABSOLUTE
    ../clib/angel/sys.s                      0x00000000   Number         0  libspace.o ABSOLUTE
    ../clib/angel/sys.s                      0x00000000   Number         0  sys_stackheap_outer.o ABSOLUTE
    ../clib/angel/sys.s                      0x00000000   Number         0  use_no_semi.o ABSOLUTE
    ../clib/angel/sys.s                      0x00000000   Number         0  indicate_semi.o ABSOLUTE
    ../clib/angel/sysapp.c                   0x00000000   Number         0  sys_command.o ABSOLUTE
    ../clib/angel/sysapp.c                   0x00000000   Number         0  sys_wrch.o ABSOLUTE
    ../clib/angel/sysapp.c                   0x00000000   Number         0  sys_exit.o ABSOLUTE
    ../clib/armsys.c                         0x00000000   Number         0  _get_argv_nomalloc.o ABSOLUTE
    ../clib/armsys.c                         0x00000000   Number         0  no_argv.o ABSOLUTE
    ../clib/armsys.c                         0x00000000   Number         0  argv_veneer.o ABSOLUTE
    ../clib/armsys.c                         0x00000000   Number         0  argv_veneer.o ABSOLUTE
    ../clib/heapalloc.c                      0x00000000   Number         0  hrguard.o ABSOLUTE
    ../clib/heapaux.c                        0x00000000   Number         0  heapauxi.o ABSOLUTE
    ../clib/libinit.s                        0x00000000   Number         0  libshutdown2.o ABSOLUTE
    ../clib/libinit.s                        0x00000000   Number         0  libshutdown.o ABSOLUTE
    ../clib/libinit.s                        0x00000000   Number         0  libinit2.o ABSOLUTE
    ../clib/libinit.s                        0x00000000   Number         0  libinit.o ABSOLUTE
    ../clib/longlong.s                       0x00000000   Number         0  lludivv7m.o ABSOLUTE
    ../clib/signal.c                         0x00000000   Number         0  defsig_fpe_outer.o ABSOLUTE
    ../clib/signal.c                         0x00000000   Number         0  defsig_other.o ABSOLUTE
    ../clib/signal.c                         0x00000000   Number         0  defsig_segv_inner.o ABSOLUTE
    ../clib/signal.c                         0x00000000   Number         0  defsig_cppl_inner.o ABSOLUTE
    ../clib/signal.c                         0x00000000   Number         0  defsig_fpe_formal.o ABSOLUTE
    ../clib/signal.c                         0x00000000   Number         0  defsig_pvfn_inner.o ABSOLUTE
    ../clib/signal.c                         0x00000000   Number         0  defsig_stak_inner.o ABSOLUTE
    ../clib/signal.c                         0x00000000   Number         0  defsig_rtmem_formal.o ABSOLUTE
    ../clib/signal.c                         0x00000000   Number         0  defsig_rtmem_outer.o ABSOLUTE
    ../clib/signal.c                         0x00000000   Number         0  defsig_rtmem_inner.o ABSOLUTE
    ../clib/signal.c                         0x00000000   Number         0  defsig_rtred_inner.o ABSOLUTE
    ../clib/signal.c                         0x00000000   Number         0  defsig_abrt_inner.o ABSOLUTE
    ../clib/signal.c                         0x00000000   Number         0  __raise.o ABSOLUTE
    ../clib/signal.c                         0x00000000   Number         0  defsig_exit.o ABSOLUTE
    ../clib/signal.c                         0x00000000   Number         0  defsig_fpe_inner.o ABSOLUTE
    ../clib/signal.c                         0x00000000   Number         0  defsig_general.o ABSOLUTE
    ../clib/signal.s                         0x00000000   Number         0  defsig.o ABSOLUTE
    ../clib/stdlib.c                         0x00000000   Number         0  exit.o ABSOLUTE
    ../fplib/fpinit.s                        0x00000000   Number         0  fpinit.o ABSOLUTE
    ..\HAL_CM.c                              0x00000000   Number         0  hal_cm.o ABSOLUTE
    ..\\rt_CMSIS.c                           0x00000000   Number         0  rt_cmsis.o ABSOLUTE
    ..\\rt_System.c                          0x00000000   Number         0  rt_system.o ABSOLUTE
    ..\rt_CMSIS.c                            0x00000000   Number         0  rt_cmsis.o ABSOLUTE
    ..\rt_Event.c                            0x00000000   Number         0  rt_event.o ABSOLUTE
    ..\rt_List.c                             0x00000000   Number         0  rt_list.o ABSOLUTE
    ..\rt_Mailbox.c                          0x00000000   Number         0  rt_mailbox.o ABSOLUTE
    ..\rt_MemBox.c                           0x00000000   Number         0  rt_membox.o ABSOLUTE
    ..\rt_Memory.c                           0x00000000   Number         0  rt_memory.o ABSOLUTE
    ..\rt_Mutex.c                            0x00000000   Number         0  rt_mutex.o ABSOLUTE
    ..\rt_Robin.c                            0x00000000   Number         0  rt_robin.o ABSOLUTE
    ..\rt_Semaphore.c                        0x00000000   Number         0  rt_semaphore.o ABSOLUTE
    ..\rt_System.c                           0x00000000   Number         0  rt_system.o ABSOLUTE
    ..\rt_Task.c                             0x00000000   Number         0  rt_task.o ABSOLUTE
    ..\rt_Time.c                             0x00000000   Number         0  rt_time.o ABSOLUTE
    HAL_CM4.c                                0x00000000   Number         0  hal_cm4.o ABSOLUTE
    HAL_CM4.c                                0x00000000   Number         0  hal_cm4.o ABSOLUTE
    RTE\CMSIS\RTX_Conf_CM.c                  0x00000000   Number         0  rtx_conf_cm.o ABSOLUTE
    RTE\Device\STM32F411VETx\startup_stm32f411xe.s 0x00000000   Number         0  startup_stm32f411xe.o ABSOLUTE
    RTE\Device\STM32F411VETx\system_stm32f4xx.c 0x00000000   Number         0  system_stm32f4xx.o ABSOLUTE
    RTE\\CMSIS\\RTX_Conf_CM.c                0x00000000   Number         0  rtx_conf_cm.o ABSOLUTE
    RTE\\Device\\STM32F411VETx\\system_stm32f4xx.c 0x00000000   Number         0  system_stm32f4xx.o ABSOLUTE
    SVC_Table.s                              0x00000000   Number         0  svc_table.o ABSOLUTE
    dc.s                                     0x00000000   Number         0  dc.o ABSOLUTE
    main.c                                   0x00000000   Number         0  main.o ABSOLUTE
    main.c                                   0x00000000   Number         0  main.o ABSOLUTE
    RESET                                    0x08000000   Section      408  startup_stm32f411xe.o(RESET)
    !!!main                                  0x08000198   Section        8  __main.o(!!!main)
    !!!scatter                               0x080001a0   Section       52  __scatter.o(!!!scatter)
    !!handler_copy                           0x080001d4   Section       26  __scatter_copy.o(!!handler_copy)
    !!handler_zi                             0x080001f0   Section       28  __scatter_zi.o(!!handler_zi)
    .ARM.Collect$$libinit$$00000000          0x0800020c   Section        2  libinit.o(.ARM.Collect$$libinit$$00000000)
    .ARM.Collect$$libinit$$00000001          0x0800020e   Section        4  libinit2.o(.ARM.Collect$$libinit$$00000001)
    .ARM.Collect$$libinit$$00000004          0x08000212   Section        0  libinit2.o(.ARM.Collect$$libinit$$00000004)
    .ARM.Collect$$libinit$$0000000A          0x08000212   Section        0  libinit2.o(.ARM.Collect$$libinit$$0000000A)
    .ARM.Collect$$libinit$$0000000C          0x08000212   Section        0  libinit2.o(.ARM.Collect$$libinit$$0000000C)
    .ARM.Collect$$libinit$$0000000E          0x08000212   Section        0  libinit2.o(.ARM.Collect$$libinit$$0000000E)
    .ARM.Collect$$libinit$$00000011          0x08000212   Section        0  libinit2.o(.ARM.Collect$$libinit$$00000011)
    .ARM.Collect$$libinit$$00000013          0x08000212   Section        0  libinit2.o(.ARM.Collect$$libinit$$00000013)
    .ARM.Collect$$libinit$$00000015          0x08000212   Section        0  libinit2.o(.ARM.Collect$$libinit$$00000015)
    .ARM.Collect$$libinit$$00000017          0x08000212   Section        0  libinit2.o(.ARM.Collect$$libinit$$00000017)
    .ARM.Collect$$libinit$$00000019          0x08000212   Section        0  libinit2.o(.ARM.Collect$$libinit$$00000019)
    .ARM.Collect$$libinit$$0000001B          0x08000212   Section        0  libinit2.o(.ARM.Collect$$libinit$$0000001B)
    .ARM.Collect$$libinit$$0000001D          0x08000212   Section        0  libinit2.o(.ARM.Collect$$libinit$$0000001D)
    .ARM.Collect$$libinit$$0000001F          0x08000212   Section        0  libinit2.o(.ARM.Collect$$libinit$$0000001F)
    .ARM.Collect$$libinit$$00000021          0x08000212   Section        0  libinit2.o(.ARM.Collect$$libinit$$00000021)
    .ARM.Collect$$libinit$$00000023          0x08000212   Section        0  libinit2.o(.ARM.Collect$$libinit$$00000023)
    .ARM.Collect$$libinit$$00000025          0x08000212   Section        0  libinit2.o(.ARM.Collect$$libinit$$00000025)
    .ARM.Collect$$libinit$$0000002C          0x08000212   Section        0  libinit2.o(.ARM.Collect$$libinit$$0000002C)
    .ARM.Collect$$libinit$$0000002E          0x08000212   Section        0  libinit2.o(.ARM.Collect$$libinit$$0000002E)
    .ARM.Collect$$libinit$$00000030          0x08000212   Section        0  libinit2.o(.ARM.Collect$$libinit$$00000030)
    .ARM.Collect$$libinit$$00000032          0x08000212   Section        0  libinit2.o(.ARM.Collect$$libinit$$00000032)
    .ARM.Collect$$libinit$$00000033          0x08000212   Section        2  libinit2.o(.ARM.Collect$$libinit$$00000033)
    .ARM.Collect$$libshutdown$$00000000      0x08000214   Section        2  libshutdown.o(.ARM.Collect$$libshutdown$$00000000)
    .ARM.Collect$$libshutdown$$00000002      0x08000216   Section        0  libshutdown2.o(.ARM.Collect$$libshutdown$$00000002)
    .ARM.Collect$$libshutdown$$00000004      0x08000216   Section        0  libshutdown2.o(.ARM.Collect$$libshutdown$$00000004)
    .ARM.Collect$$libshutdown$$00000007      0x08000216   Section        0  libshutdown2.o(.ARM.Collect$$libshutdown$$00000007)
    .ARM.Collect$$libshutdown$$0000000A      0x08000216   Section        0  libshutdown2.o(.ARM.Collect$$libshutdown$$0000000A)
    .ARM.Collect$$libshutdown$$0000000C      0x08000216   Section        0  libshutdown2.o(.ARM.Collect$$libshutdown$$0000000C)
    .ARM.Collect$$libshutdown$$0000000F      0x08000216   Section        0  libshutdown2.o(.ARM.Collect$$libshutdown$$0000000F)
    .ARM.Collect$$libshutdown$$00000010      0x08000216   Section        2  libshutdown2.o(.ARM.Collect$$libshutdown$$00000010)
    .ARM.Collect$$rtentry$$00000000          0x08000218   Section        0  __rtentry.o(.ARM.Collect$$rtentry$$00000000)
    .ARM.Collect$$rtentry$$00000002          0x08000218   Section        0  __rtentry2.o(.ARM.Collect$$rtentry$$00000002)
    .ARM.Collect$$rtentry$$00000004          0x08000218   Section        6  __rtentry4.o(.ARM.Collect$$rtentry$$00000004)
    .ARM.Collect$$rtentry$$00000009          0x0800021e   Section        0  __rtentry2.o(.ARM.Collect$$rtentry$$00000009)
    .ARM.Collect$$rtentry$$0000000A          0x0800021e   Section        4  __rtentry2.o(.ARM.Collect$$rtentry$$0000000A)
    .ARM.Collect$$rtentry$$0000000B          0x08000222   Section        8  __rtentry2.o(.ARM.Collect$$rtentry$$0000000B)
    .ARM.Collect$$rtentry$$0000000D          0x0800022a   Section        8  __rtentry2.o(.ARM.Collect$$rtentry$$0000000D)
    .ARM.Collect$$rtexit$$00000000           0x08000232   Section        2  rtexit.o(.ARM.Collect$$rtexit$$00000000)
    .ARM.Collect$$rtexit$$00000002           0x08000234   Section        0  rtexit2.o(.ARM.Collect$$rtexit$$00000002)
    .ARM.Collect$$rtexit$$00000003           0x08000234   Section        4  rtexit2.o(.ARM.Collect$$rtexit$$00000003)
    .ARM.Collect$$rtexit$$00000004           0x08000238   Section        6  rtexit2.o(.ARM.Collect$$rtexit$$00000004)
    .emb_text                                0x08000240   Section       28  rtx_conf_cm.o(.emb_text)
    $v0                                      0x08000240   Number         0  rtx_conf_cm.o(.emb_text)
    .emb_text                                0x0800025c   Section      408  hal_cm4.o(.emb_text)
    $v0                                      0x0800025c   Number         0  hal_cm4.o(.emb_text)
    .text                                    0x080003f4   Section       64  startup_stm32f411xe.o(.text)
    $v0                                      0x080003f4   Number         0  startup_stm32f411xe.o(.text)
    .text                                    0x08000434   Section        8  libspace.o(.text)
    .text                                    0x0800043c   Section        0  exit.o(.text)
    .text                                    0x0800044e   Section        0  heapauxi.o(.text)
    .text                                    0x08000454   Section        0  sys_exit.o(.text)
    .text                                    0x08000460   Section       74  sys_stackheap_outer.o(.text)
    .text                                    0x080004aa   Section        2  use_no_semi.o(.text)
    .text                                    0x080004ac   Section        0  indicate_semi.o(.text)
    SVC_TABLE                                0x080004ac   Section        4  svc_table.o(SVC_TABLE)
    i.SystemInit                             0x080004b0   Section        0  system_stm32f4xx.o(i.SystemInit)
    i.Thread1                                0x08000514   Section        0  main.o(i.Thread1)
    i.Thread2                                0x08000528   Section        0  main.o(i.Thread2)
    i.Thread3                                0x0800053c   Section        0  main.o(i.Thread3)
    i._init_box                              0x08000550   Section        0  rt_membox.o(i._init_box)
    i._mutex_acquire                         0x08000598   Section        0  rtx_conf_cm.o(i._mutex_acquire)
    __tagsym$$used                           0x08000599   Number         0  rtx_conf_cm.o(i._mutex_acquire)
    i._mutex_release                         0x080005b8   Section        0  rtx_conf_cm.o(i._mutex_release)
    __tagsym$$used                           0x080005b9   Number         0  rtx_conf_cm.o(i._mutex_release)
    i.dbg_init                               0x080005d4   Section        0  hal_cm.o(i.dbg_init)
    i.dbg_task_notify                        0x08000604   Section        0  hal_cm.o(i.dbg_task_notify)
    i.dbg_task_switch                        0x08000624   Section        0  hal_cm.o(i.dbg_task_switch)
    i.isrMessageGet                          0x08000634   Section        0  rt_cmsis.o(i.isrMessageGet)
    i.isrMessagePut                          0x0800065e   Section        0  rt_cmsis.o(i.isrMessagePut)
    i.isr_mbx_receive                        0x0800068c   Section        0  rt_mailbox.o(i.isr_mbx_receive)
    i.isr_mbx_send                           0x080006e2   Section        0  rt_mailbox.o(i.isr_mbx_send)
    i.main                                   0x080006f0   Section        0  main.o(i.main)
    i.osKernelInitialize                     0x08000718   Section        0  rt_cmsis.o(i.osKernelInitialize)
    i.osKernelStart                          0x0800073c   Section        0  rt_cmsis.o(i.osKernelStart)
    i.osMessageGet                           0x080007a8   Section        0  rt_cmsis.o(i.osMessageGet)
    i.osThreadCreate                         0x080007c0   Section        0  rt_cmsis.o(i.osThreadCreate)
    i.osThreadExit                           0x080007ec   Section        0  rt_cmsis.o(i.osThreadExit)
    i.osTimerCall                            0x08000804   Section        0  rt_cmsis.o(i.osTimerCall)
    i.osTimerThread                          0x08000810   Section        0  rt_cmsis.o(i.osTimerThread)
    i.os_error                               0x0800083c   Section        0  rtx_conf_cm.o(i.os_error)
    i.os_idle_demon                          0x0800085e   Section        0  rtx_conf_cm.o(i.os_idle_demon)
    i.os_tick_init                           0x08000864   Section        0  rt_system.o(i.os_tick_init)
    i.os_tick_irqack                         0x0800088c   Section        0  rt_system.o(i.os_tick_irqack)
    i.rt_alloc_box                           0x0800088e   Section        0  rt_membox.o(i.rt_alloc_box)
    i.rt_alloc_mem                           0x080008a8   Section        0  rt_memory.o(i.rt_alloc_mem)
    i.rt_block                               0x080008e8   Section        0  rt_task.o(i.rt_block)
    i.rt_chk_robin                           0x08000920   Section        0  rt_robin.o(i.rt_chk_robin)
    i.rt_dec_dly                             0x08000968   Section        0  rt_list.o(i.rt_dec_dly)
    i.rt_dispatch                            0x080009d8   Section        0  rt_task.o(i.rt_dispatch)
    i.rt_evt_psh                             0x08000a1c   Section        0  rt_event.o(i.rt_evt_psh)
    i.rt_free_box                            0x08000a6c   Section        0  rt_membox.o(i.rt_free_box)
    i.rt_free_mem                            0x08000a98   Section        0  rt_memory.o(i.rt_free_mem)
    i.rt_get_first                           0x08000ac0   Section        0  rt_list.o(i.rt_get_first)
    i.rt_id2obj                              0x08000ae8   Section        0  rt_cmsis.o(i.rt_id2obj)
    rt_id2obj                                0x08000ae9   Thumb Code     8  rt_cmsis.o(i.rt_id2obj)
    i.rt_init_context                        0x08000af0   Section        0  rt_task.o(i.rt_init_context)
    rt_init_context                          0x08000af1   Thumb Code    66  rt_task.o(i.rt_init_context)
    i.rt_init_mem                            0x08000b38   Section        0  rt_memory.o(i.rt_init_mem)
    i.rt_init_robin                          0x08000b54   Section        0  rt_robin.o(i.rt_init_robin)
    i.rt_init_stack                          0x08000b6c   Section        0  hal_cm.o(i.rt_init_stack)
    i.rt_mbx_check                           0x08000bec   Section        0  rt_mailbox.o(i.rt_mbx_check)
    i.rt_mbx_init                            0x08000bf4   Section        0  rt_mailbox.o(i.rt_mbx_init)
    i.rt_mbx_psh                             0x08000c10   Section        0  rt_mailbox.o(i.rt_mbx_psh)
    i.rt_mbx_wait                            0x08000d00   Section        0  rt_mailbox.o(i.rt_mbx_wait)
    i.rt_ms2tick                             0x08000db4   Section        0  rt_cmsis.o(i.rt_ms2tick)
    rt_ms2tick                               0x08000db5   Thumb Code    58  rt_cmsis.o(i.rt_ms2tick)
    i.rt_mut_release                         0x08000df8   Section        0  rt_mutex.o(i.rt_mut_release)
    i.rt_mut_wait                            0x08000ed0   Section        0  rt_mutex.o(i.rt_mut_wait)
    i.rt_pop_req                             0x08000f48   Section        0  rt_system.o(i.rt_pop_req)
    i.rt_psh_req                             0x08000fc4   Section        0  rt_system.o(i.rt_psh_req)
    i.rt_psq_enq                             0x08000fe4   Section        0  rt_list.o(i.rt_psq_enq)
    i.rt_put_dly                             0x08001040   Section        0  rt_list.o(i.rt_put_dly)
    i.rt_put_prio                            0x08001088   Section        0  rt_list.o(i.rt_put_prio)
    i.rt_put_rdy_first                       0x080010c0   Section        0  rt_list.o(i.rt_put_rdy_first)
    i.rt_resort_prio                         0x080010d4   Section        0  rt_list.o(i.rt_resort_prio)
    i.rt_ret_regs                            0x08001108   Section        0  hal_cm.o(i.rt_ret_regs)
    rt_ret_regs                              0x08001109   Thumb Code    16  hal_cm.o(i.rt_ret_regs)
    i.rt_ret_val                             0x08001118   Section        0  hal_cm.o(i.rt_ret_val)
    i.rt_ret_val2                            0x08001124   Section        0  hal_cm.o(i.rt_ret_val2)
    i.rt_rmv_dly                             0x08001134   Section        0  rt_list.o(i.rt_rmv_dly)
    i.rt_rmv_list                            0x0800115c   Section        0  rt_list.o(i.rt_rmv_list)
    i.rt_sem_psh                             0x0800118c   Section        0  rt_semaphore.o(i.rt_sem_psh)
    i.rt_stk_check                           0x080011c0   Section        0  rt_system.o(i.rt_stk_check)
    i.rt_switch_req                          0x080011e4   Section        0  rt_task.o(i.rt_switch_req)
    i.rt_sys_init                            0x0800120c   Section        0  rt_task.o(i.rt_sys_init)
    i.rt_sys_start                           0x080012d8   Section        0  rt_task.o(i.rt_sys_start)
    i.rt_systick                             0x08001350   Section        0  rt_system.o(i.rt_systick)
    i.rt_tid2ptcb                            0x08001390   Section        0  rt_cmsis.o(i.rt_tid2ptcb)
    rt_tid2ptcb                              0x08001391   Thumb Code    18  rt_cmsis.o(i.rt_tid2ptcb)
    i.rt_timer_insert                        0x080013a4   Section        0  rt_cmsis.o(i.rt_timer_insert)
    rt_timer_insert                          0x080013a5   Thumb Code    48  rt_cmsis.o(i.rt_timer_insert)
    i.rt_tsk_create                          0x080013d8   Section        0  rt_task.o(i.rt_tsk_create)
    i.rt_tsk_delete                          0x08001460   Section        0  rt_task.o(i.rt_tsk_delete)
    i.rt_tsk_prio                            0x080015dc   Section        0  rt_task.o(i.rt_tsk_prio)
    i.rt_tsk_self                            0x08001658   Section        0  rt_task.o(i.rt_tsk_self)
    i.svcKernelInitialize                    0x08001668   Section        0  rt_cmsis.o(i.svcKernelInitialize)
    i.svcKernelStart                         0x080016d8   Section        0  rt_cmsis.o(i.svcKernelStart)
    i.svcMessageCreate                       0x08001720   Section        0  rt_cmsis.o(i.svcMessageCreate)
    i.svcMessageGet                          0x08001744   Section        0  rt_cmsis.o(i.svcMessageGet)
    i.svcThreadCreate                        0x08001780   Section        0  rt_cmsis.o(i.svcThreadCreate)
    i.svcThreadGetId                         0x080017ec   Section        0  rt_cmsis.o(i.svcThreadGetId)
    i.svcThreadTerminate                     0x08001808   Section        0  rt_cmsis.o(i.svcThreadTerminate)
    i.svcTimerCall                           0x08001840   Section        0  rt_cmsis.o(i.svcTimerCall)
    i.sysTimerTick                           0x08001858   Section        0  rt_cmsis.o(i.sysTimerTick)
    x$fpl$fpinit                             0x080018b4   Section       10  fpinit.o(x$fpl$fpinit)
    $v0                                      0x080018b4   Number         0  fpinit.o(x$fpl$fpinit)
    .constdata                               0x080018c0   Section       48  main.o(.constdata)
    .constdata                               0x080018f0   Section      104  rtx_conf_cm.o(.constdata)
    __tagsym$$used                           0x0800190c   Number         0  rtx_conf_cm.o(.constdata)
    __tagsym$$used                           0x08001910   Number         0  rtx_conf_cm.o(.constdata)
    __tagsym$$used                           0x08001914   Number         0  rtx_conf_cm.o(.constdata)
    __tagsym$$used                           0x08001918   Number         0  rtx_conf_cm.o(.constdata)
    .data                                    0x20000000   Section       12  main.o(.data)
    .data                                    0x2000000c   Section       20  rtx_conf_cm.o(.data)
    nr_mutex                                 0x2000001c   Data           4  rtx_conf_cm.o(.data)
    .data                                    0x20000020   Section        8  rt_cmsis.o(.data)
    .data                                    0x20000028   Section        8  rt_task.o(.data)
    .data                                    0x20000030   Section        8  rt_system.o(.data)
    os_lock                                  0x20000030   Data           1  rt_system.o(.data)
    os_psh_flag                              0x20000031   Data           1  rt_system.o(.data)
    pend_flags                               0x20000032   Data           1  rt_system.o(.data)
    .data                                    0x20000038   Section        4  rt_time.o(.data)
    .data                                    0x2000003c   Section        8  rt_robin.o(.data)
    .data                                    0x20000044   Section        1  hal_cm.o(.data)
    .bss                                     0x20000048   Section     3016  rtx_conf_cm.o(.bss)
    std_libspace                             0x200008f0   Data         672  rtx_conf_cm.o(.bss)
    std_libmutex                             0x20000b90   Data         128  rtx_conf_cm.o(.bss)
    .bss                                     0x20000c10   Section       52  rt_task.o(.bss)
    .bss                                     0x20000c44   Section       48  rt_list.o(.bss)
    .bss                                     0x20000c74   Section       96  libspace.o(.bss)
    HEAP                                     0x20000cd8   Section      512  startup_stm32f411xe.o(HEAP)
    Heap_Mem                                 0x20000cd8   Data         512  startup_stm32f411xe.o(HEAP)
    STACK                                    0x20000ed8   Section     1024  startup_stm32f411xe.o(STACK)
    Stack_Mem                                0x20000ed8   Data        1024  startup_stm32f411xe.o(STACK)
    __initial_sp                             0x200012d8   Data           0  startup_stm32f411xe.o(STACK)

    Global Symbols

    Symbol Name                              Value     Ov Type        Size  Object(Section)

    BuildAttributes$$THM_ISAv4$E$P$D$K$B$S$7EM$VFPi3$EXTD16$VFPS$VFMA$PE$A:L22UL41UL21$X:L11$S22US41US21$IEEE1$IW$USESV6$~STKCKD$USESV7$~SHL$OSPACE$ROPI$EBA8$UX$STANDARDLIB$REQ8$PRES8$EABIv2 0x00000000   Number         0  anon$$obj.o ABSOLUTE
    __ARM_use_no_argv                        0x00000000   Number         0  main.o ABSOLUTE
    __ARM_exceptions_init                     - Undefined Weak Reference
    __alloca_initialize                       - Undefined Weak Reference
    __arm_preinit_                            - Undefined Weak Reference
    __cpp_initialize__aeabi_                  - Undefined Weak Reference
    __cxa_finalize                            - Undefined Weak Reference
    __rt_locale                               - Undefined Weak Reference
    __sigvec_lookup                           - Undefined Weak Reference
    _atexit_init                              - Undefined Weak Reference
    _call_atexit_fns                          - Undefined Weak Reference
    _clock_init                               - Undefined Weak Reference
    _fp_trap_init                             - Undefined Weak Reference
    _fp_trap_shutdown                         - Undefined Weak Reference
    _get_lc_collate                           - Undefined Weak Reference
    _get_lc_ctype                             - Undefined Weak Reference
    _get_lc_monetary                          - Undefined Weak Reference
    _get_lc_numeric                           - Undefined Weak Reference
    _get_lc_time                              - Undefined Weak Reference
    _getenv_init                              - Undefined Weak Reference
    _handle_redirection                       - Undefined Weak Reference
    _init_alloc                               - Undefined Weak Reference
    _init_user_alloc                          - Undefined Weak Reference
    _initio                                   - Undefined Weak Reference
    _rand_init                                - Undefined Weak Reference
    _signal_finish                            - Undefined Weak Reference
    _signal_init                              - Undefined Weak Reference
    _terminate_alloc                          - Undefined Weak Reference
    _terminate_user_alloc                     - Undefined Weak Reference
    _terminateio                              - Undefined Weak Reference
    __Vectors_Size                           0x00000198   Number         0  startup_stm32f411xe.o ABSOLUTE
    __RL_RTX_VER                             0x00000482   Number         0  rt_system.o ABSOLUTE
    __Vectors                                0x08000000   Data           4  startup_stm32f411xe.o(RESET)
    __Vectors_End                            0x08000198   Data           0  startup_stm32f411xe.o(RESET)
    __main                                   0x08000199   Thumb Code     8  __main.o(!!!main)
    __scatterload                            0x080001a1   Thumb Code     0  __scatter.o(!!!scatter)
    __scatterload_rt2                        0x080001a1   Thumb Code    44  __scatter.o(!!!scatter)
    __scatterload_rt2_thumb_only             0x080001a1   Thumb Code     0  __scatter.o(!!!scatter)
    __scatterload_null                       0x080001af   Thumb Code     0  __scatter.o(!!!scatter)
    __scatterload_copy                       0x080001d5   Thumb Code    26  __scatter_copy.o(!!handler_copy)
    __scatterload_zeroinit                   0x080001f1   Thumb Code    28  __scatter_zi.o(!!handler_zi)
    __rt_lib_init                            0x0800020d   Thumb Code     0  libinit.o(.ARM.Collect$$libinit$$00000000)
    __rt_lib_init_fp_1                       0x0800020f   Thumb Code     0  libinit2.o(.ARM.Collect$$libinit$$00000001)
    __rt_lib_init_alloca_1                   0x08000213   Thumb Code     0  libinit2.o(.ARM.Collect$$libinit$$0000002E)
    __rt_lib_init_argv_1                     0x08000213   Thumb Code     0  libinit2.o(.ARM.Collect$$libinit$$0000002C)
    __rt_lib_init_atexit_1                   0x08000213   Thumb Code     0  libinit2.o(.ARM.Collect$$libinit$$0000001B)
    __rt_lib_init_clock_1                    0x08000213   Thumb Code     0  libinit2.o(.ARM.Collect$$libinit$$00000021)
    __rt_lib_init_cpp_1                      0x08000213   Thumb Code     0  libinit2.o(.ARM.Collect$$libinit$$00000032)
    __rt_lib_init_exceptions_1               0x08000213   Thumb Code     0  libinit2.o(.ARM.Collect$$libinit$$00000030)
    __rt_lib_init_fp_trap_1                  0x08000213   Thumb Code     0  libinit2.o(.ARM.Collect$$libinit$$0000001F)
    __rt_lib_init_getenv_1                   0x08000213   Thumb Code     0  libinit2.o(.ARM.Collect$$libinit$$00000023)
    __rt_lib_init_heap_1                     0x08000213   Thumb Code     0  libinit2.o(.ARM.Collect$$libinit$$0000000A)
    __rt_lib_init_lc_collate_1               0x08000213   Thumb Code     0  libinit2.o(.ARM.Collect$$libinit$$00000011)
    __rt_lib_init_lc_ctype_1                 0x08000213   Thumb Code     0  libinit2.o(.ARM.Collect$$libinit$$00000013)
    __rt_lib_init_lc_monetary_1              0x08000213   Thumb Code     0  libinit2.o(.ARM.Collect$$libinit$$00000015)
    __rt_lib_init_lc_numeric_1               0x08000213   Thumb Code     0  libinit2.o(.ARM.Collect$$libinit$$00000017)
    __rt_lib_init_lc_time_1                  0x08000213   Thumb Code     0  libinit2.o(.ARM.Collect$$libinit$$00000019)
    __rt_lib_init_preinit_1                  0x08000213   Thumb Code     0  libinit2.o(.ARM.Collect$$libinit$$00000004)
    __rt_lib_init_rand_1                     0x08000213   Thumb Code     0  libinit2.o(.ARM.Collect$$libinit$$0000000E)
    __rt_lib_init_return                     0x08000213   Thumb Code     0  libinit2.o(.ARM.Collect$$libinit$$00000033)
    __rt_lib_init_signal_1                   0x08000213   Thumb Code     0  libinit2.o(.ARM.Collect$$libinit$$0000001D)
    __rt_lib_init_stdio_1                    0x08000213   Thumb Code     0  libinit2.o(.ARM.Collect$$libinit$$00000025)
    __rt_lib_init_user_alloc_1               0x08000213   Thumb Code     0  libinit2.o(.ARM.Collect$$libinit$$0000000C)
    __rt_lib_shutdown                        0x08000215   Thumb Code     0  libshutdown.o(.ARM.Collect$$libshutdown$$00000000)
    __rt_lib_shutdown_cpp_1                  0x08000217   Thumb Code     0  libshutdown2.o(.ARM.Collect$$libshutdown$$00000002)
    __rt_lib_shutdown_fp_trap_1              0x08000217   Thumb Code     0  libshutdown2.o(.ARM.Collect$$libshutdown$$00000007)
    __rt_lib_shutdown_heap_1                 0x08000217   Thumb Code     0  libshutdown2.o(.ARM.Collect$$libshutdown$$0000000F)
    __rt_lib_shutdown_return                 0x08000217   Thumb Code     0  libshutdown2.o(.ARM.Collect$$libshutdown$$00000010)
    __rt_lib_shutdown_signal_1               0x08000217   Thumb Code     0  libshutdown2.o(.ARM.Collect$$libshutdown$$0000000A)
    __rt_lib_shutdown_stdio_1                0x08000217   Thumb Code     0  libshutdown2.o(.ARM.Collect$$libshutdown$$00000004)
    __rt_lib_shutdown_user_alloc_1           0x08000217   Thumb Code     0  libshutdown2.o(.ARM.Collect$$libshutdown$$0000000C)
    __rt_entry                               0x08000219   Thumb Code     0  __rtentry.o(.ARM.Collect$$rtentry$$00000000)
    __rt_entry_presh_1                       0x08000219   Thumb Code     0  __rtentry2.o(.ARM.Collect$$rtentry$$00000002)
    __rt_entry_sh                            0x08000219   Thumb Code     0  __rtentry4.o(.ARM.Collect$$rtentry$$00000004)
    __rt_entry_li                            0x0800021f   Thumb Code     0  __rtentry2.o(.ARM.Collect$$rtentry$$0000000A)
    __rt_entry_postsh_1                      0x0800021f   Thumb Code     0  __rtentry2.o(.ARM.Collect$$rtentry$$00000009)
    __rt_entry_postli_1                      0x08000223   Thumb Code     0  __rtentry2.o(.ARM.Collect$$rtentry$$0000000B)
    __rt_entry_main                          0x0800022b   Thumb Code     0  __rtentry2.o(.ARM.Collect$$rtentry$$0000000D)
    __rt_exit                                0x08000233   Thumb Code     0  rtexit.o(.ARM.Collect$$rtexit$$00000000)
    __rt_exit_ls                             0x08000235   Thumb Code     0  rtexit2.o(.ARM.Collect$$rtexit$$00000003)
    __rt_exit_prels_1                        0x08000235   Thumb Code     0  rtexit2.o(.ARM.Collect$$rtexit$$00000002)
    __rt_exit_exit                           0x08000239   Thumb Code     0  rtexit2.o(.ARM.Collect$$rtexit$$00000004)
    _platform_post_lib_init                  0x08000241   Thumb Code    24  rtx_conf_cm.o(.emb_text)
    rt_set_PSP                               0x0800025d   Thumb Code     6  hal_cm4.o(.emb_text)
    rt_get_PSP                               0x08000263   Thumb Code     6  hal_cm4.o(.emb_text)
    os_set_env                               0x08000269   Thumb Code    24  hal_cm4.o(.emb_text)
    _alloc_box                               0x08000285   Thumb Code    28  hal_cm4.o(.emb_text)
    _free_box                                0x080002a5   Thumb Code    28  hal_cm4.o(.emb_text)
    SVC_Handler                              0x080002c5   Thumb Code   168  hal_cm4.o(.emb_text)
    PendSV_Handler                           0x0800037d   Thumb Code    96  hal_cm4.o(.emb_text)
    SysTick_Handler                          0x080003e1   Thumb Code     8  hal_cm4.o(.emb_text)
    OS_Tick_Handler                          0x080003e9   Thumb Code    12  hal_cm4.o(.emb_text)
    Reset_Handler                            0x080003f5   Thumb Code     8  startup_stm32f411xe.o(.text)
    NMI_Handler                              0x080003fd   Thumb Code     2  startup_stm32f411xe.o(.text)
    HardFault_Handler                        0x080003ff   Thumb Code     2  startup_stm32f411xe.o(.text)
    MemManage_Handler                        0x08000401   Thumb Code     2  startup_stm32f411xe.o(.text)
    BusFault_Handler                         0x08000403   Thumb Code     2  startup_stm32f411xe.o(.text)
    UsageFault_Handler                       0x08000405   Thumb Code     2  startup_stm32f411xe.o(.text)
    DebugMon_Handler                         0x08000409   Thumb Code     2  startup_stm32f411xe.o(.text)
    ADC_IRQHandler                           0x0800040f   Thumb Code     0  startup_stm32f411xe.o(.text)
    DMA1_Stream0_IRQHandler                  0x0800040f   Thumb Code     0  startup_stm32f411xe.o(.text)
    DMA1_Stream1_IRQHandler                  0x0800040f   Thumb Code     0  startup_stm32f411xe.o(.text)
    DMA1_Stream2_IRQHandler                  0x0800040f   Thumb Code     0  startup_stm32f411xe.o(.text)
    DMA1_Stream3_IRQHandler                  0x0800040f   Thumb Code     0  startup_stm32f411xe.o(.text)
    DMA1_Stream4_IRQHandler                  0x0800040f   Thumb Code     0  startup_stm32f411xe.o(.text)
    DMA1_Stream5_IRQHandler                  0x0800040f   Thumb Code     0  startup_stm32f411xe.o(.text)
    DMA1_Stream6_IRQHandler                  0x0800040f   Thumb Code     0  startup_stm32f411xe.o(.text)
    DMA1_Stream7_IRQHandler                  0x0800040f   Thumb Code     0  startup_stm32f411xe.o(.text)
    DMA2_Stream0_IRQHandler                  0x0800040f   Thumb Code     0  startup_stm32f411xe.o(.text)
    DMA2_Stream1_IRQHandler                  0x0800040f   Thumb Code     0  startup_stm32f411xe.o(.text)
    DMA2_Stream2_IRQHandler                  0x0800040f   Thumb Code     0  startup_stm32f411xe.o(.text)
    DMA2_Stream3_IRQHandler                  0x0800040f   Thumb Code     0  startup_stm32f411xe.o(.text)
    DMA2_Stream4_IRQHandler                  0x0800040f   Thumb Code     0  startup_stm32f411xe.o(.text)
    DMA2_Stream5_IRQHandler                  0x0800040f   Thumb Code     0  startup_stm32f411xe.o(.text)
    DMA2_Stream6_IRQHandler                  0x0800040f   Thumb Code     0  startup_stm32f411xe.o(.text)
    DMA2_Stream7_IRQHandler                  0x0800040f   Thumb Code     0  startup_stm32f411xe.o(.text)
    EXTI0_IRQHandler                         0x0800040f   Thumb Code     0  startup_stm32f411xe.o(.text)
    EXTI15_10_IRQHandler                     0x0800040f   Thumb Code     0  startup_stm32f411xe.o(.text)
    EXTI1_IRQHandler                         0x0800040f   Thumb Code     0  startup_stm32f411xe.o(.text)
    EXTI2_IRQHandler                         0x0800040f   Thumb Code     0  startup_stm32f411xe.o(.text)
    EXTI3_IRQHandler                         0x0800040f   Thumb Code     0  startup_stm32f411xe.o(.text)
    EXTI4_IRQHandler                         0x0800040f   Thumb Code     0  startup_stm32f411xe.o(.text)
    EXTI9_5_IRQHandler                       0x0800040f   Thumb Code     0  startup_stm32f411xe.o(.text)
    FLASH_IRQHandler                         0x0800040f   Thumb Code     0  startup_stm32f411xe.o(.text)
    FPU_IRQHandler                           0x0800040f   Thumb Code     0  startup_stm32f411xe.o(.text)
    I2C1_ER_IRQHandler                       0x0800040f   Thumb Code     0  startup_stm32f411xe.o(.text)
    I2C1_EV_IRQHandler                       0x0800040f   Thumb Code     0  startup_stm32f411xe.o(.text)
    I2C2_ER_IRQHandler                       0x0800040f   Thumb Code     0  startup_stm32f411xe.o(.text)
    I2C2_EV_IRQHandler                       0x0800040f   Thumb Code     0  startup_stm32f411xe.o(.text)
    I2C3_ER_IRQHandler                       0x0800040f   Thumb Code     0  startup_stm32f411xe.o(.text)
    I2C3_EV_IRQHandler                       0x0800040f   Thumb Code     0  startup_stm32f411xe.o(.text)
    OTG_FS_IRQHandler                        0x0800040f   Thumb Code     0  startup_stm32f411xe.o(.text)
    OTG_FS_WKUP_IRQHandler                   0x0800040f   Thumb Code     0  startup_stm32f411xe.o(.text)
    PVD_IRQHandler                           0x0800040f   Thumb Code     0  startup_stm32f411xe.o(.text)
    RCC_IRQHandler                           0x0800040f   Thumb Code     0  startup_stm32f411xe.o(.text)
    RTC_Alarm_IRQHandler                     0x0800040f   Thumb Code     0  startup_stm32f411xe.o(.text)
    RTC_WKUP_IRQHandler                      0x0800040f   Thumb Code     0  startup_stm32f411xe.o(.text)
    SDIO_IRQHandler                          0x0800040f   Thumb Code     0  startup_stm32f411xe.o(.text)
    SPI1_IRQHandler                          0x0800040f   Thumb Code     0  startup_stm32f411xe.o(.text)
    SPI2_IRQHandler                          0x0800040f   Thumb Code     0  startup_stm32f411xe.o(.text)
    SPI3_IRQHandler                          0x0800040f   Thumb Code     0  startup_stm32f411xe.o(.text)
    SPI4_IRQHandler                          0x0800040f   Thumb Code     0  startup_stm32f411xe.o(.text)
    SPI5_IRQHandler                          0x0800040f   Thumb Code     0  startup_stm32f411xe.o(.text)
    TAMP_STAMP_IRQHandler                    0x0800040f   Thumb Code     0  startup_stm32f411xe.o(.text)
    TIM1_BRK_TIM9_IRQHandler                 0x0800040f   Thumb Code     0  startup_stm32f411xe.o(.text)
    TIM1_CC_IRQHandler                       0x0800040f   Thumb Code     0  startup_stm32f411xe.o(.text)
    TIM1_TRG_COM_TIM11_IRQHandler            0x0800040f   Thumb Code     0  startup_stm32f411xe.o(.text)
    TIM1_UP_TIM10_IRQHandler                 0x0800040f   Thumb Code     0  startup_stm32f411xe.o(.text)
    TIM2_IRQHandler                          0x0800040f   Thumb Code     0  startup_stm32f411xe.o(.text)
    TIM3_IRQHandler                          0x0800040f   Thumb Code     0  startup_stm32f411xe.o(.text)
    TIM4_IRQHandler                          0x0800040f   Thumb Code     0  startup_stm32f411xe.o(.text)
    TIM5_IRQHandler                          0x0800040f   Thumb Code     0  startup_stm32f411xe.o(.text)
    USART1_IRQHandler                        0x0800040f   Thumb Code     0  startup_stm32f411xe.o(.text)
    USART2_IRQHandler                        0x0800040f   Thumb Code     0  startup_stm32f411xe.o(.text)
    USART6_IRQHandler                        0x0800040f   Thumb Code     0  startup_stm32f411xe.o(.text)
    WWDG_IRQHandler                          0x0800040f   Thumb Code     0  startup_stm32f411xe.o(.text)
    __user_initial_stackheap                 0x08000411   Thumb Code     0  startup_stm32f411xe.o(.text)
    __user_libspace                          0x08000435   Thumb Code     8  libspace.o(.text)
    __user_perproc_libspace                  0x08000435   Thumb Code     0  libspace.o(.text)
    exit                                     0x0800043d   Thumb Code    18  exit.o(.text)
    __use_two_region_memory                  0x0800044f   Thumb Code     2  heapauxi.o(.text)
    __rt_heap_escrow$2region                 0x08000451   Thumb Code     2  heapauxi.o(.text)
    __rt_heap_expand$2region                 0x08000453   Thumb Code     2  heapauxi.o(.text)
    _sys_exit                                0x08000455   Thumb Code     8  sys_exit.o(.text)
    __user_setup_stackheap                   0x08000461   Thumb Code    74  sys_stackheap_outer.o(.text)
    __I$use$semihosting                      0x080004ab   Thumb Code     0  use_no_semi.o(.text)
    __use_no_semihosting_swi                 0x080004ab   Thumb Code     2  use_no_semi.o(.text)
    SVC_Count                                0x080004ac   Data           4  svc_table.o(SVC_TABLE)
    __semihosting_library_function           0x080004ad   Thumb Code     0  indicate_semi.o(.text)
    SVC_Table                                0x080004b0   Data           0  svc_table.o(SVC_TABLE)
    SystemInit                               0x080004b1   Thumb Code    82  system_stm32f4xx.o(i.SystemInit)
    Thread1                                  0x08000515   Thumb Code    14  main.o(i.Thread1)
    Thread2                                  0x08000529   Thumb Code    14  main.o(i.Thread2)
    Thread3                                  0x0800053d   Thumb Code    14  main.o(i.Thread3)
    _init_box                                0x08000551   Thumb Code    70  rt_membox.o(i._init_box)
    _mutex_acquire                           0x08000599   Thumb Code    22  rtx_conf_cm.o(i._mutex_acquire)
    _mutex_release                           0x080005b9   Thumb Code    18  rtx_conf_cm.o(i._mutex_release)
    dbg_init                                 0x080005d5   Thumb Code    34  hal_cm.o(i.dbg_init)
    dbg_task_notify                          0x08000605   Thumb Code    32  hal_cm.o(i.dbg_task_notify)
    dbg_task_switch                          0x08000625   Thumb Code    16  hal_cm.o(i.dbg_task_switch)
    isrMessageGet                            0x08000635   Thumb Code    42  rt_cmsis.o(i.isrMessageGet)
    isrMessagePut                            0x0800065f   Thumb Code    44  rt_cmsis.o(i.isrMessagePut)
    isr_mbx_receive                          0x0800068d   Thumb Code    86  rt_mailbox.o(i.isr_mbx_receive)
    isr_mbx_send                             0x080006e3   Thumb Code    14  rt_mailbox.o(i.isr_mbx_send)
    main                                     0x080006f1   Thumb Code    28  main.o(i.main)
    osKernelInitialize                       0x08000719   Thumb Code    30  rt_cmsis.o(i.osKernelInitialize)
    osKernelStart                            0x0800073d   Thumb Code    98  rt_cmsis.o(i.osKernelStart)
    osMessageGet                             0x080007a9   Thumb Code    18  rt_cmsis.o(i.osMessageGet)
    osThreadCreate                           0x080007c1   Thumb Code    36  rt_cmsis.o(i.osThreadCreate)
    osThreadExit                             0x080007ed   Thumb Code    14  rt_cmsis.o(i.osThreadExit)
    osTimerCall                              0x08000805   Thumb Code     8  rt_cmsis.o(i.osTimerCall)
    osTimerThread                            0x08000811   Thumb Code    38  rt_cmsis.o(i.osTimerThread)
    os_error                                 0x0800083d   Thumb Code    34  rtx_conf_cm.o(i.os_error)
    os_idle_demon                            0x0800085f   Thumb Code     4  rtx_conf_cm.o(i.os_idle_demon)
    os_tick_init                             0x08000865   Thumb Code    32  rt_system.o(i.os_tick_init)
    os_tick_irqack                           0x0800088d   Thumb Code     2  rt_system.o(i.os_tick_irqack)
    rt_alloc_box                             0x0800088f   Thumb Code    26  rt_membox.o(i.rt_alloc_box)
    rt_alloc_mem                             0x080008a9   Thumb Code    62  rt_memory.o(i.rt_alloc_mem)
    rt_block                                 0x080008e9   Thumb Code    48  rt_task.o(i.rt_block)
    rt_chk_robin                             0x08000921   Thumb Code    60  rt_robin.o(i.rt_chk_robin)
    rt_dec_dly                               0x08000969   Thumb Code   102  rt_list.o(i.rt_dec_dly)
    rt_dispatch                              0x080009d9   Thumb Code    60  rt_task.o(i.rt_dispatch)
    rt_evt_psh                               0x08000a1d   Thumb Code    76  rt_event.o(i.rt_evt_psh)
    rt_free_box                              0x08000a6d   Thumb Code    44  rt_membox.o(i.rt_free_box)
    rt_free_mem                              0x08000a99   Thumb Code    40  rt_memory.o(i.rt_free_mem)
    rt_get_first                             0x08000ac1   Thumb Code    40  rt_list.o(i.rt_get_first)
    rt_init_mem                              0x08000b39   Thumb Code    26  rt_memory.o(i.rt_init_mem)
    rt_init_robin                            0x08000b55   Thumb Code    14  rt_robin.o(i.rt_init_robin)
    rt_init_stack                            0x08000b6d   Thumb Code   118  hal_cm.o(i.rt_init_stack)
    rt_mbx_check                             0x08000bed   Thumb Code     8  rt_mailbox.o(i.rt_mbx_check)
    rt_mbx_init                              0x08000bf5   Thumb Code    26  rt_mailbox.o(i.rt_mbx_init)
    rt_mbx_psh                               0x08000c11   Thumb Code   236  rt_mailbox.o(i.rt_mbx_psh)
    rt_mbx_wait                              0x08000d01   Thumb Code   174  rt_mailbox.o(i.rt_mbx_wait)
    rt_mut_release                           0x08000df9   Thumb Code   208  rt_mutex.o(i.rt_mut_release)
    rt_mut_wait                              0x08000ed1   Thumb Code   114  rt_mutex.o(i.rt_mut_wait)
    rt_pop_req                               0x08000f49   Thumb Code   112  rt_system.o(i.rt_pop_req)
    rt_psh_req                               0x08000fc5   Thumb Code    22  rt_system.o(i.rt_psh_req)
    rt_psq_enq                               0x08000fe5   Thumb Code    88  rt_list.o(i.rt_psq_enq)
    rt_put_dly                               0x08001041   Thumb Code    68  rt_list.o(i.rt_put_dly)
    rt_put_prio                              0x08001089   Thumb Code    54  rt_list.o(i.rt_put_prio)
    rt_put_rdy_first                         0x080010c1   Thumb Code    14  rt_list.o(i.rt_put_rdy_first)
    rt_resort_prio                           0x080010d5   Thumb Code    46  rt_list.o(i.rt_resort_prio)
    rt_ret_val                               0x08001119   Thumb Code    12  hal_cm.o(i.rt_ret_val)
    rt_ret_val2                              0x08001125   Thumb Code    16  hal_cm.o(i.rt_ret_val2)
    rt_rmv_dly                               0x08001135   Thumb Code    40  rt_list.o(i.rt_rmv_dly)
    rt_rmv_list                              0x0800115d   Thumb Code    44  rt_list.o(i.rt_rmv_list)
    rt_sem_psh                               0x0800118d   Thumb Code    48  rt_semaphore.o(i.rt_sem_psh)
    rt_stk_check                             0x080011c1   Thumb Code    28  rt_system.o(i.rt_stk_check)
    rt_switch_req                            0x080011e5   Thumb Code    30  rt_task.o(i.rt_switch_req)
    rt_sys_init                              0x0800120d   Thumb Code   138  rt_task.o(i.rt_sys_init)
    rt_sys_start                             0x080012d9   Thumb Code   110  rt_task.o(i.rt_sys_start)
    rt_systick                               0x08001351   Thumb Code    50  rt_system.o(i.rt_systick)
    rt_tsk_create                            0x080013d9   Thumb Code   118  rt_task.o(i.rt_tsk_create)
    rt_tsk_delete                            0x08001461   Thumb Code   352  rt_task.o(i.rt_tsk_delete)
    rt_tsk_prio                              0x080015dd   Thumb Code   108  rt_task.o(i.rt_tsk_prio)
    rt_tsk_self                              0x08001659   Thumb Code    12  rt_task.o(i.rt_tsk_self)
    svcKernelInitialize                      0x08001669   Thumb Code    80  rt_cmsis.o(i.svcKernelInitialize)
    svcKernelStart                           0x080016d9   Thumb Code    62  rt_cmsis.o(i.svcKernelStart)
    svcMessageCreate                         0x08001721   Thumb Code    36  rt_cmsis.o(i.svcMessageCreate)
    svcMessageGet                            0x08001745   Thumb Code    58  rt_cmsis.o(i.svcMessageGet)
    svcThreadCreate                          0x08001781   Thumb Code    96  rt_cmsis.o(i.svcThreadCreate)
    svcThreadGetId                           0x080017ed   Thumb Code    22  rt_cmsis.o(i.svcThreadGetId)
    svcThreadTerminate                       0x08001809   Thumb Code    50  rt_cmsis.o(i.svcThreadTerminate)
    svcTimerCall                             0x08001841   Thumb Code    24  rt_cmsis.o(i.svcTimerCall)
    sysTimerTick                             0x08001859   Thumb Code    84  rt_cmsis.o(i.sysTimerTick)
    _fp_init                                 0x080018b5   Thumb Code    10  fpinit.o(x$fpl$fpinit)
    __fplib_config_fpu_vfp                   0x080018bd   Thumb Code     0  fpinit.o(x$fpl$fpinit)
    __fplib_config_pureend_doubles           0x080018bd   Thumb Code     0  fpinit.o(x$fpl$fpinit)
    os_thread_def_Thread1                    0x080018c0   Data          16  main.o(.constdata)
    os_thread_def_Thread2                    0x080018d0   Data          16  main.o(.constdata)
    os_thread_def_Thread3                    0x080018e0   Data          16  main.o(.constdata)
    os_maxtaskrun                            0x080018f0   Data           2  rtx_conf_cm.o(.constdata)
    os_stackinfo                             0x080018f4   Data           4  rtx_conf_cm.o(.constdata)
    os_rrobin                                0x080018f8   Data           4  rtx_conf_cm.o(.constdata)
    os_tickfreq                              0x080018fc   Data           4  rtx_conf_cm.o(.constdata)
    os_tickus_i                              0x08001900   Data           2  rtx_conf_cm.o(.constdata)
    os_tickus_f                              0x08001902   Data           2  rtx_conf_cm.o(.constdata)
    os_trv                                   0x08001904   Data           4  rtx_conf_cm.o(.constdata)
    os_flags                                 0x08001908   Data           1  rtx_conf_cm.o(.constdata)
    CMSIS_RTOS_API_Version                   0x0800190c   Data           4  rtx_conf_cm.o(.constdata)
    CMSIS_RTOS_RTX_Version                   0x08001910   Data           4  rtx_conf_cm.o(.constdata)
    os_clockrate                             0x08001914   Data           4  rtx_conf_cm.o(.constdata)
    os_timernum                              0x08001918   Data           4  rtx_conf_cm.o(.constdata)
    mp_tcb_size                              0x0800191c   Data           2  rtx_conf_cm.o(.constdata)
    mp_stk_size                              0x08001920   Data           4  rtx_conf_cm.o(.constdata)
    os_stack_sz                              0x08001924   Data           4  rtx_conf_cm.o(.constdata)
    os_fifo_size                             0x08001928   Data           1  rtx_conf_cm.o(.constdata)
    os_thread_def_osTimerThread              0x0800192c   Data          16  rtx_conf_cm.o(.constdata)
    os_messageQ_def_osTimerMessageQ          0x0800193c   Data           8  rtx_conf_cm.o(.constdata)
    mp_tmr_size                              0x08001944   Data           2  rtx_conf_cm.o(.constdata)
    os_thread_def_main                       0x08001948   Data          16  rtx_conf_cm.o(.constdata)
    Region$$Table$$Base                      0x08001958   Number         0  anon$$obj.o(Region$$Table)
    Region$$Table$$Limit                     0x08001978   Number         0  anon$$obj.o(Region$$Table)
    count1                                   0x20000000   Data           4  main.o(.data)
    count2                                   0x20000004   Data           4  main.o(.data)
    count3                                   0x20000008   Data           4  main.o(.data)
    osThreadId_osTimerThread                 0x2000000c   Data           4  rtx_conf_cm.o(.data)
    osMessageQId_osTimerMessageQ             0x20000010   Data           4  rtx_conf_cm.o(.data)
    os_tmr                                   0x20000014   Data           4  rtx_conf_cm.o(.data)
    m_tmr                                    0x20000018   Data           4  rtx_conf_cm.o(.data)
    os_initialized                           0x20000020   Data           1  rt_cmsis.o(.data)
    os_running                               0x20000021   Data           1  rt_cmsis.o(.data)
    os_timer_head                            0x20000024   Data           4  rt_cmsis.o(.data)
    os_tsk                                   0x20000028   Data           8  rt_task.o(.data)
    os_tick_irqn                             0x20000034   Data           4  rt_system.o(.data)
    os_time                                  0x20000038   Data           4  rt_time.o(.data)
    os_robin                                 0x2000003c   Data           8  rt_robin.o(.data)
    dbg_msg                                  0x20000044   Data           1  hal_cm.o(.data)
    mp_tcb                                   0x20000048   Data         376  rtx_conf_cm.o(.bss)
    mp_stk                                   0x200001c0   Data        1216  rtx_conf_cm.o(.bss)
    os_stack_mem                             0x20000680   Data         432  rtx_conf_cm.o(.bss)
    os_fifo                                  0x20000830   Data         132  rtx_conf_cm.o(.bss)
    os_active_TCB                            0x200008b4   Data          28  rtx_conf_cm.o(.bss)
    os_messageQ_q_osTimerMessageQ            0x200008d0   Data          32  rtx_conf_cm.o(.bss)
    os_idle_TCB                              0x20000c10   Data          52  rt_task.o(.bss)
    os_rdy                                   0x20000c44   Data          24  rt_list.o(.bss)
    os_dly                                   0x20000c5c   Data          24  rt_list.o(.bss)
    __libspace_start                         0x20000c74   Data          96  libspace.o(.bss)
    __temporary_stack_top$libspace           0x20000cd4   Data           0  libspace.o(.bss)



==============================================================================

Memory Map of the image

  Image Entry point : 0x080003f5

  Load Region LR_1 (Base: 0x08000000, Size: 0x000019c0, Max: 0xffffffff, ABSOLUTE)

    Execution Region ER_RO (Exec base: 0x08000000, Load base: 0x08000000, Size: 0x00001978, Max: 0xffffffff, ABSOLUTE)

    Exec Addr    Load Addr    Size         Type   Attr      Idx    E Section Name        Object

    0x08000000   0x08000000   0x00000198   Data   RO          146    RESET               startup_stm32f411xe.o
    0x08000198   0x08000198   0x00000008   Code   RO         1415  * !!!main             c_w.l(__main.o)
    0x080001a0   0x080001a0   0x00000034   Code   RO         1576    !!!scatter          c_w.l(__scatter.o)
    0x080001d4   0x080001d4   0x0000001a   Code   RO         1578    !!handler_copy      c_w.l(__scatter_copy.o)
    0x080001ee   0x080001ee   0x00000002   PAD
    0x080001f0   0x080001f0   0x0000001c   Code   RO         1580    !!handler_zi        c_w.l(__scatter_zi.o)
    0x0800020c   0x0800020c   0x00000002   Code   RO         1462    .ARM.Collect$$libinit$$00000000  c_w.l(libinit.o)
    0x0800020e   0x0800020e   0x00000004   Code   RO         1473    .ARM.Collect$$libinit$$00000001  c_w.l(libinit2.o)
    0x08000212   0x08000212   0x00000000   Code   RO         1476    .ARM.Collect$$libinit$$00000004  c_w.l(libinit2.o)
    0x08000212   0x08000212   0x00000000   Code   RO         1479    .ARM.Collect$$libinit$$0000000A  c_w.l(libinit2.o)
    0x08000212   0x08000212   0x00000000   Code   RO         1481    .ARM.Collect$$libinit$$0000000C  c_w.l(libinit2.o)
    0x08000212   0x08000212   0x00000000   Code   RO         1483    .ARM.Collect$$libinit$$0000000E  c_w.l(libinit2.o)
    0x08000212   0x08000212   0x00000000   Code   RO         1486    .ARM.Collect$$libinit$$00000011  c_w.l(libinit2.o)
    0x08000212   0x08000212   0x00000000   Code   RO         1488    .ARM.Collect$$libinit$$00000013  c_w.l(libinit2.o)
    0x08000212   0x08000212   0x00000000   Code   RO         1490    .ARM.Collect$$libinit$$00000015  c_w.l(libinit2.o)
    0x08000212   0x08000212   0x00000000   Code   RO         1492    .ARM.Collect$$libinit$$00000017  c_w.l(libinit2.o)
    0x08000212   0x08000212   0x00000000   Code   RO         1494    .ARM.Collect$$libinit$$00000019  c_w.l(libinit2.o)
    0x08000212   0x08000212   0x00000000   Code   RO         1496    .ARM.Collect$$libinit$$0000001B  c_w.l(libinit2.o)
    0x08000212   0x08000212   0x00000000   Code   RO         1498    .ARM.Collect$$libinit$$0000001D  c_w.l(libinit2.o)
    0x08000212   0x08000212   0x00000000   Code   RO         1500    .ARM.Collect$$libinit$$0000001F  c_w.l(libinit2.o)
    0x08000212   0x08000212   0x00000000   Code   RO         1502    .ARM.Collect$$libinit$$00000021  c_w.l(libinit2.o)
    0x08000212   0x08000212   0x00000000   Code   RO         1504    .ARM.Collect$$libinit$$00000023  c_w.l(libinit2.o)
    0x08000212   0x08000212   0x00000000   Code   RO         1506    .ARM.Collect$$libinit$$00000025  c_w.l(libinit2.o)
    0x08000212   0x08000212   0x00000000   Code   RO         1510    .ARM.Collect$$libinit$$0000002C  c_w.l(libinit2.o)
    0x08000212   0x08000212   0x00000000   Code   RO         1512    .ARM.Collect$$libinit$$0000002E  c_w.l(libinit2.o)
    0x08000212   0x08000212   0x00000000   Code   RO         1514    .ARM.Collect$$libinit$$00000030  c_w.l(libinit2.o)
    0x08000212   0x08000212   0x00000000   Code   RO         1516    .ARM.Collect$$libinit$$00000032  c_w.l(libinit2.o)
    0x08000212   0x08000212   0x00000002   Code   RO         1517    .ARM.Collect$$libinit$$00000033  c_w.l(libinit2.o)
    0x08000214   0x08000214   0x00000002   Code   RO         1463    .ARM.Collect$$libshutdown$$00000000  c_w.l(libshutdown.o)
    0x08000216   0x08000216   0x00000000   Code   RO         1519    .ARM.Collect$$libshutdown$$00000002  c_w.l(libshutdown2.o)
    0x08000216   0x08000216   0x00000000   Code   RO         1521    .ARM.Collect$$libshutdown$$00000004  c_w.l(libshutdown2.o)
    0x08000216   0x08000216   0x00000000   Code   RO         1524    .ARM.Collect$$libshutdown$$00000007  c_w.l(libshutdown2.o)
    0x08000216   0x08000216   0x00000000   Code   RO         1527    .ARM.Collect$$libshutdown$$0000000A  c_w.l(libshutdown2.o)
    0x08000216   0x08000216   0x00000000   Code   RO         1529    .ARM.Collect$$libshutdown$$0000000C  c_w.l(libshutdown2.o)
    0x08000216   0x08000216   0x00000000   Code   RO         1532    .ARM.Collect$$libshutdown$$0000000F  c_w.l(libshutdown2.o)
    0x08000216   0x08000216   0x00000002   Code   RO         1533    .ARM.Collect$$libshutdown$$00000010  c_w.l(libshutdown2.o)
    0x08000218   0x08000218   0x00000000   Code   RO         1417    .ARM.Collect$$rtentry$$00000000  c_w.l(__rtentry.o)
    0x08000218   0x08000218   0x00000000   Code   RO         1425    .ARM.Collect$$rtentry$$00000002  c_w.l(__rtentry2.o)
    0x08000218   0x08000218   0x00000006   Code   RO         1437    .ARM.Collect$$rtentry$$00000004  c_w.l(__rtentry4.o)
    0x0800021e   0x0800021e   0x00000000   Code   RO         1427    .ARM.Collect$$rtentry$$00000009  c_w.l(__rtentry2.o)
    0x0800021e   0x0800021e   0x00000004   Code   RO         1428    .ARM.Collect$$rtentry$$0000000A  c_w.l(__rtentry2.o)
    0x08000222   0x08000222   0x00000008   Code   RO         1429    .ARM.Collect$$rtentry$$0000000B  c_w.l(__rtentry2.o)
    0x0800022a   0x0800022a   0x00000008   Code   RO         1431    .ARM.Collect$$rtentry$$0000000D  c_w.l(__rtentry2.o)
    0x08000232   0x08000232   0x00000002   Code   RO         1418    .ARM.Collect$$rtexit$$00000000  c_w.l(rtexit.o)
    0x08000234   0x08000234   0x00000000   Code   RO         1440    .ARM.Collect$$rtexit$$00000002  c_w.l(rtexit2.o)
    0x08000234   0x08000234   0x00000004   Code   RO         1441    .ARM.Collect$$rtexit$$00000003  c_w.l(rtexit2.o)
    0x08000238   0x08000238   0x00000006   Code   RO         1442    .ARM.Collect$$rtexit$$00000004  c_w.l(rtexit2.o)
    0x0800023e   0x0800023e   0x00000002   PAD
    0x08000240   0x08000240   0x0000001c   Code   RO           86    .emb_text           rtx_conf_cm.o
    0x0800025c   0x0800025c   0x00000198   Code   RO         1391    .emb_text           RTX_CM4.lib(hal_cm4.o)
    0x080003f4   0x080003f4   0x00000040   Code   RO          147  * .text               startup_stm32f411xe.o
    0x08000434   0x08000434   0x00000008   Code   RO         1406    .text               c_w.l(libspace.o)
    0x0800043c   0x0800043c   0x00000012   Code   RO         1411    .text               c_w.l(exit.o)
    0x0800044e   0x0800044e   0x00000006   Code   RO         1413    .text               c_w.l(heapauxi.o)
    0x08000454   0x08000454   0x0000000c   Code   RO         1448    .text               c_w.l(sys_exit.o)
    0x08000460   0x08000460   0x0000004a   Code   RO         1450    .text               c_w.l(sys_stackheap_outer.o)
    0x080004aa   0x080004aa   0x00000002   Code   RO         1464    .text               c_w.l(use_no_semi.o)
    0x080004ac   0x080004ac   0x00000000   Code   RO         1466    .text               c_w.l(indicate_semi.o)
    0x080004ac   0x080004ac   0x00000004   Code   RO         1401    SVC_TABLE           RTX_CM4.lib(svc_table.o)
    0x080004b0   0x080004b0   0x00000064   Code   RO          155    i.SystemInit        system_stm32f4xx.o
    0x08000514   0x08000514   0x00000014   Code   RO            4    i.Thread1           main.o
    0x08000528   0x08000528   0x00000014   Code   RO            5    i.Thread2           main.o
    0x0800053c   0x0800053c   0x00000014   Code   RO            6    i.Thread3           main.o
    0x08000550   0x08000550   0x00000046   Code   RO         1285    i._init_box         RTX_CM4.lib(rt_membox.o)
    0x08000596   0x08000596   0x00000002   PAD
    0x08000598   0x08000598   0x00000020   Code   RO           88    i._mutex_acquire    rtx_conf_cm.o
    0x080005b8   0x080005b8   0x0000001c   Code   RO           90    i._mutex_release    rtx_conf_cm.o
    0x080005d4   0x080005d4   0x00000030   Code   RO         1338    i.dbg_init          RTX_CM4.lib(hal_cm.o)
    0x08000604   0x08000604   0x00000020   Code   RO         1339    i.dbg_task_notify   RTX_CM4.lib(hal_cm.o)
    0x08000624   0x08000624   0x00000010   Code   RO         1340    i.dbg_task_switch   RTX_CM4.lib(hal_cm.o)
    0x08000634   0x08000634   0x0000002a   Code   RO          194    i.isrMessageGet     RTX_CM4.lib(rt_cmsis.o)
    0x0800065e   0x0800065e   0x0000002c   Code   RO          195    i.isrMessagePut     RTX_CM4.lib(rt_cmsis.o)
    0x0800068a   0x0800068a   0x00000002   PAD
    0x0800068c   0x0800068c   0x00000056   Code   RO         1140    i.isr_mbx_receive   RTX_CM4.lib(rt_mailbox.o)
    0x080006e2   0x080006e2   0x0000000e   Code   RO         1141    i.isr_mbx_send      RTX_CM4.lib(rt_mailbox.o)
    0x080006f0   0x080006f0   0x00000028   Code   RO            7    i.main              main.o
    0x08000718   0x08000718   0x00000024   Code   RO          199    i.osKernelInitialize  RTX_CM4.lib(rt_cmsis.o)
    0x0800073c   0x0800073c   0x0000006c   Code   RO          201    i.osKernelStart     RTX_CM4.lib(rt_cmsis.o)
    0x080007a8   0x080007a8   0x00000018   Code   RO          210    i.osMessageGet      RTX_CM4.lib(rt_cmsis.o)
    0x080007c0   0x080007c0   0x0000002c   Code   RO          227    i.osThreadCreate    RTX_CM4.lib(rt_cmsis.o)
    0x080007ec   0x080007ec   0x00000018   Code   RO          228    i.osThreadExit      RTX_CM4.lib(rt_cmsis.o)
    0x08000804   0x08000804   0x0000000c   Code   RO          234    i.osTimerCall       RTX_CM4.lib(rt_cmsis.o)
    0x08000810   0x08000810   0x0000002c   Code   RO          239    i.osTimerThread     RTX_CM4.lib(rt_cmsis.o)
    0x0800083c   0x0800083c   0x00000022   Code   RO           91    i.os_error          rtx_conf_cm.o
    0x0800085e   0x0800085e   0x00000004   Code   RO           92    i.os_idle_demon     rtx_conf_cm.o
    0x08000862   0x08000862   0x00000002   PAD
    0x08000864   0x08000864   0x00000028   Code   RO          932    i.os_tick_init      RTX_CM4.lib(rt_system.o)
    0x0800088c   0x0800088c   0x00000002   Code   RO          933    i.os_tick_irqack    RTX_CM4.lib(rt_system.o)
    0x0800088e   0x0800088e   0x0000001a   Code   RO         1286    i.rt_alloc_box      RTX_CM4.lib(rt_membox.o)
    0x080008a8   0x080008a8   0x0000003e   Code   RO         1314    i.rt_alloc_mem      RTX_CM4.lib(rt_memory.o)
    0x080008e6   0x080008e6   0x00000002   PAD
    0x080008e8   0x080008e8   0x00000038   Code   RO          813    i.rt_block          RTX_CM4.lib(rt_task.o)
    0x08000920   0x08000920   0x00000048   Code   RO         1263    i.rt_chk_robin      RTX_CM4.lib(rt_robin.o)
    0x08000968   0x08000968   0x00000070   Code   RO         1064    i.rt_dec_dly        RTX_CM4.lib(rt_list.o)
    0x080009d8   0x080009d8   0x00000044   Code   RO          814    i.rt_dispatch       RTX_CM4.lib(rt_task.o)
    0x08000a1c   0x08000a1c   0x00000050   Code   RO         1025    i.rt_evt_psh        RTX_CM4.lib(rt_event.o)
    0x08000a6c   0x08000a6c   0x0000002c   Code   RO         1287    i.rt_free_box       RTX_CM4.lib(rt_membox.o)
    0x08000a98   0x08000a98   0x00000028   Code   RO         1315    i.rt_free_mem       RTX_CM4.lib(rt_memory.o)
    0x08000ac0   0x08000ac0   0x00000028   Code   RO         1065    i.rt_get_first      RTX_CM4.lib(rt_list.o)
    0x08000ae8   0x08000ae8   0x00000008   Code   RO          244    i.rt_id2obj         RTX_CM4.lib(rt_cmsis.o)
    0x08000af0   0x08000af0   0x00000048   Code   RO          815    i.rt_init_context   RTX_CM4.lib(rt_task.o)
    0x08000b38   0x08000b38   0x0000001a   Code   RO         1316    i.rt_init_mem       RTX_CM4.lib(rt_memory.o)
    0x08000b52   0x08000b52   0x00000002   PAD
    0x08000b54   0x08000b54   0x00000018   Code   RO         1264    i.rt_init_robin     RTX_CM4.lib(rt_robin.o)
    0x08000b6c   0x08000b6c   0x00000080   Code   RO         1341    i.rt_init_stack     RTX_CM4.lib(hal_cm.o)
    0x08000bec   0x08000bec   0x00000008   Code   RO         1142    i.rt_mbx_check      RTX_CM4.lib(rt_mailbox.o)
    0x08000bf4   0x08000bf4   0x0000001a   Code   RO         1143    i.rt_mbx_init       RTX_CM4.lib(rt_mailbox.o)
    0x08000c0e   0x08000c0e   0x00000002   PAD
    0x08000c10   0x08000c10   0x000000f0   Code   RO         1144    i.rt_mbx_psh        RTX_CM4.lib(rt_mailbox.o)
    0x08000d00   0x08000d00   0x000000b4   Code   RO         1146    i.rt_mbx_wait       RTX_CM4.lib(rt_mailbox.o)
    0x08000db4   0x08000db4   0x00000044   Code   RO          245    i.rt_ms2tick        RTX_CM4.lib(rt_cmsis.o)
    0x08000df8   0x08000df8   0x000000d8   Code   RO          899    i.rt_mut_release    RTX_CM4.lib(rt_mutex.o)
    0x08000ed0   0x08000ed0   0x00000078   Code   RO          900    i.rt_mut_wait       RTX_CM4.lib(rt_mutex.o)
    0x08000f48   0x08000f48   0x0000007c   Code   RO          936    i.rt_pop_req        RTX_CM4.lib(rt_system.o)
    0x08000fc4   0x08000fc4   0x00000020   Code   RO          937    i.rt_psh_req        RTX_CM4.lib(rt_system.o)
    0x08000fe4   0x08000fe4   0x0000005c   Code   RO         1067    i.rt_psq_enq        RTX_CM4.lib(rt_list.o)
    0x08001040   0x08001040   0x00000048   Code   RO         1068    i.rt_put_dly        RTX_CM4.lib(rt_list.o)
    0x08001088   0x08001088   0x00000036   Code   RO         1069    i.rt_put_prio       RTX_CM4.lib(rt_list.o)
    0x080010be   0x080010be   0x00000002   PAD
    0x080010c0   0x080010c0   0x00000014   Code   RO         1070    i.rt_put_rdy_first  RTX_CM4.lib(rt_list.o)
    0x080010d4   0x080010d4   0x00000034   Code   RO         1071    i.rt_resort_prio    RTX_CM4.lib(rt_list.o)
    0x08001108   0x08001108   0x00000010   Code   RO         1342    i.rt_ret_regs       RTX_CM4.lib(hal_cm.o)
    0x08001118   0x08001118   0x0000000c   Code   RO         1343    i.rt_ret_val        RTX_CM4.lib(hal_cm.o)
    0x08001124   0x08001124   0x00000010   Code   RO         1344    i.rt_ret_val2       RTX_CM4.lib(hal_cm.o)
    0x08001134   0x08001134   0x00000028   Code   RO         1072    i.rt_rmv_dly        RTX_CM4.lib(rt_list.o)
    0x0800115c   0x0800115c   0x00000030   Code   RO         1073    i.rt_rmv_list       RTX_CM4.lib(rt_list.o)
    0x0800118c   0x0800118c   0x00000034   Code   RO         1191    i.rt_sem_psh        RTX_CM4.lib(rt_semaphore.o)
    0x080011c0   0x080011c0   0x00000024   Code   RO          939    i.rt_stk_check      RTX_CM4.lib(rt_system.o)
    0x080011e4   0x080011e4   0x00000028   Code   RO          816    i.rt_switch_req     RTX_CM4.lib(rt_task.o)
    0x0800120c   0x0800120c   0x000000cc   Code   RO          817    i.rt_sys_init       RTX_CM4.lib(rt_task.o)
    0x080012d8   0x080012d8   0x00000078   Code   RO          818    i.rt_sys_start      RTX_CM4.lib(rt_task.o)
    0x08001350   0x08001350   0x00000040   Code   RO          941    i.rt_systick        RTX_CM4.lib(rt_system.o)
    0x08001390   0x08001390   0x00000012   Code   RO          246    i.rt_tid2ptcb       RTX_CM4.lib(rt_cmsis.o)
    0x080013a2   0x080013a2   0x00000002   PAD
    0x080013a4   0x080013a4   0x00000034   Code   RO          247    i.rt_timer_insert   RTX_CM4.lib(rt_cmsis.o)
    0x080013d8   0x080013d8   0x00000088   Code   RO          819    i.rt_tsk_create     RTX_CM4.lib(rt_task.o)
    0x08001460   0x08001460   0x0000017c   Code   RO          820    i.rt_tsk_delete     RTX_CM4.lib(rt_task.o)
    0x080015dc   0x080015dc   0x0000007c   Code   RO          822    i.rt_tsk_prio       RTX_CM4.lib(rt_task.o)
    0x08001658   0x08001658   0x00000010   Code   RO          823    i.rt_tsk_self       RTX_CM4.lib(rt_task.o)
    0x08001668   0x08001668   0x00000070   Code   RO          250    i.svcKernelInitialize  RTX_CM4.lib(rt_cmsis.o)
    0x080016d8   0x080016d8   0x00000048   Code   RO          252    i.svcKernelStart    RTX_CM4.lib(rt_cmsis.o)
    0x08001720   0x08001720   0x00000024   Code   RO          255    i.svcMessageCreate  RTX_CM4.lib(rt_cmsis.o)
    0x08001744   0x08001744   0x0000003a   Code   RO          256    i.svcMessageGet     RTX_CM4.lib(rt_cmsis.o)
    0x0800177e   0x0800177e   0x00000002   PAD
    0x08001780   0x08001780   0x0000006c   Code   RO          270    i.svcThreadCreate   RTX_CM4.lib(rt_cmsis.o)
    0x080017ec   0x080017ec   0x0000001c   Code   RO          271    i.svcThreadGetId    RTX_CM4.lib(rt_cmsis.o)
    0x08001808   0x08001808   0x00000038   Code   RO          274    i.svcThreadTerminate  RTX_CM4.lib(rt_cmsis.o)
    0x08001840   0x08001840   0x00000018   Code   RO          276    i.svcTimerCall      RTX_CM4.lib(rt_cmsis.o)
    0x08001858   0x08001858   0x0000005c   Code   RO          285    i.sysTimerTick      RTX_CM4.lib(rt_cmsis.o)
    0x080018b4   0x080018b4   0x0000000a   Code   RO         1540    x$fpl$fpinit        fz_wm.l(fpinit.o)
    0x080018be   0x080018be   0x00000002   PAD
    0x080018c0   0x080018c0   0x00000030   Data   RO            8    .constdata          main.o
    0x080018f0   0x080018f0   0x00000068   Data   RO           94    .constdata          rtx_conf_cm.o
    0x08001958   0x08001958   0x00000020   Data   RO         1574    Region$$Table       anon$$obj.o


    Execution Region ER_RW (Exec base: 0x20000000, Load base: 0x08001978, Size: 0x00000048, Max: 0xffffffff, ABSOLUTE)

    Exec Addr    Load Addr    Size         Type   Attr      Idx    E Section Name        Object

    0x20000000   0x08001978   0x0000000c   Data   RW            9    .data               main.o
    0x2000000c   0x08001984   0x00000014   Data   RW           95    .data               rtx_conf_cm.o
    0x20000020   0x08001998   0x00000008   Data   RW          288    .data               RTX_CM4.lib(rt_cmsis.o)
    0x20000028   0x080019a0   0x00000008   Data   RW          825    .data               RTX_CM4.lib(rt_task.o)
    0x20000030   0x080019a8   0x00000008   Data   RW          944    .data               RTX_CM4.lib(rt_system.o)
    0x20000038   0x080019b0   0x00000004   Data   RW         1234    .data               RTX_CM4.lib(rt_time.o)
    0x2000003c   0x080019b4   0x00000008   Data   RW         1265    .data               RTX_CM4.lib(rt_robin.o)
    0x20000044   0x080019bc   0x00000001   Data   RW         1345    .data               RTX_CM4.lib(hal_cm.o)


    Execution Region ER_ZI (Exec base: 0x20000048, Load base: 0x080019c0, Size: 0x00001290, Max: 0xffffffff, ABSOLUTE)

    Exec Addr    Load Addr    Size         Type   Attr      Idx    E Section Name        Object

    0x20000048        -       0x00000bc8   Zero   RW           93    .bss                rtx_conf_cm.o
    0x20000c10        -       0x00000034   Zero   RW          824    .bss                RTX_CM4.lib(rt_task.o)
    0x20000c44        -       0x00000030   Zero   RW         1074    .bss                RTX_CM4.lib(rt_list.o)
    0x20000c74        -       0x00000060   Zero   RW         1407    .bss                c_w.l(libspace.o)
    0x20000cd4   0x080019c0   0x00000004   PAD
    0x20000cd8        -       0x00000200   Zero   RW          145    HEAP                startup_stm32f411xe.o
    0x20000ed8        -       0x00000400   Zero   RW          144    STACK               startup_stm32f411xe.o


==============================================================================

Image component sizes


      Code (inc. data)   RO Data    RW Data    ZI Data      Debug   Object Name

       100         30         48         12          0      11412   main.o
       126         26        104         20       3016       9295   rtx_conf_cm.o
        64         26        408          0       1536        864   startup_stm32f411xe.o
       100         18          0          0          0        525   system_stm32f4xx.o

    ----------------------------------------------------------------------
       392        100        592         32       4552      22096   Object Totals
         0          0         32          0          0          0   (incl. Generated)
         2          0          0          0          0          0   (incl. Padding)

    ----------------------------------------------------------------------

      Code (inc. data)   RO Data    RW Data    ZI Data      Debug   Library Member Name

       268         24          0          1          0       4524   hal_cm.o
       408         34          0          0          0        824   hal_cm4.o
      1110        138          0          8          0      34453   rt_cmsis.o
        80          4          0          0          0        709   rt_event.o
       530         34          0          0         48       8685   rt_list.o
       554         10          0          0          0       4237   rt_mailbox.o
       140          0          0          0          0       2069   rt_membox.o
       128          0          0          0          0       2451   rt_memory.o
       336         14          0          0          0       1739   rt_mutex.o
        96         22          0          8          0       1254   rt_robin.o
        52          4          0          0          0        621   rt_semaphore.o
       298         52          0          8          0       6511   rt_system.o
      1216        174          0          8         52      10129   rt_task.o
         0          0          0          4          0        214   rt_time.o
         4          4          0          0          0        208   svc_table.o
         8          0          0          0          0         68   __main.o
         0          0          0          0          0          0   __rtentry.o
        20          0          0          0          0          0   __rtentry2.o
         6          0          0          0          0          0   __rtentry4.o
        52          8          0          0          0          0   __scatter.o
        26          0          0          0          0          0   __scatter_copy.o
        28          0          0          0          0          0   __scatter_zi.o
        18          0          0          0          0         80   exit.o
         6          0          0          0          0        152   heapauxi.o
         0          0          0          0          0          0   indicate_semi.o
         2          0          0          0          0          0   libinit.o
         6          0          0          0          0          0   libinit2.o
         2          0          0          0          0          0   libshutdown.o
         2          0          0          0          0          0   libshutdown2.o
         8          4          0          0         96         68   libspace.o
         2          0          0          0          0          0   rtexit.o
        10          0          0          0          0          0   rtexit2.o
        12          4          0          0          0         68   sys_exit.o
        74          0          0          0          0         80   sys_stackheap_outer.o
         2          0          0          0          0         68   use_no_semi.o
        10          0          0          0          0        116   fpinit.o

    ----------------------------------------------------------------------
      5536        530          0         40        200      79328   Library Totals
        22          0          0          3          4          0   (incl. Padding)

    ----------------------------------------------------------------------

      Code (inc. data)   RO Data    RW Data    ZI Data      Debug   Library Name

      5220        514          0         37        100      78628   RTX_CM4.lib
       284         16          0          0         96        584   c_w.l
        10          0          0          0          0        116   fz_wm.l

    ----------------------------------------------------------------------
      5536        530          0         40        200      79328   Library Totals

    ----------------------------------------------------------------------

==============================================================================


      Code (inc. data)   RO Data    RW Data    ZI Data      Debug   

      5928        630        592         72       4752      93868   Grand Totals
      5928        630        592         72       4752      93868   ELF Image Totals
      5928        630        592         72          0          0   ROM Totals

==============================================================================

    Total RO  Size (Code + RO Data)                 6520 (   6.37kB)
    Total RW  Size (RW Data + ZI Data)              4824 (   4.71kB)
    Total ROM Size (Code + RO Data + RW Data)       6592 (   6.44kB)

==============================================================================

